###############################################################################
#
# IAR ELF Linker V8.11.1.13263/W32 for ARM                26/Apr/2017  17:30:04
# Copyright 2007-2017 IAR Systems AB.
#
#    Output file  =  
#        C:\Users\ThaoHuyen\Desktop\EtherTest\EWARM\EtherTest\Exe\EtherTest.out
#    Map file     =  
#        C:\Users\ThaoHuyen\Desktop\EtherTest\EWARM\EtherTest\List\EtherTest.map
#    Command line =  
#        -f C:\Users\THAOHU~1\AppData\Local\Temp\EWDD3F.tmp
#        (C:\Users\ThaoHuyen\Desktop\EtherTest\EWARM\EtherTest\Obj\api_lib.o
#        C:\Users\ThaoHuyen\Desktop\EtherTest\EWARM\EtherTest\Obj\api_msg.o
#        C:\Users\ThaoHuyen\Desktop\EtherTest\EWARM\EtherTest\Obj\arc4.o
#        C:\Users\ThaoHuyen\Desktop\EtherTest\EWARM\EtherTest\Obj\auth.o
#        C:\Users\ThaoHuyen\Desktop\EtherTest\EWARM\EtherTest\Obj\autoip.o
#        C:\Users\ThaoHuyen\Desktop\EtherTest\EWARM\EtherTest\Obj\ccp.o
#        C:\Users\ThaoHuyen\Desktop\EtherTest\EWARM\EtherTest\Obj\chap-md5.o
#        C:\Users\ThaoHuyen\Desktop\EtherTest\EWARM\EtherTest\Obj\chap-new.o
#        C:\Users\ThaoHuyen\Desktop\EtherTest\EWARM\EtherTest\Obj\chap_ms.o
#        C:\Users\ThaoHuyen\Desktop\EtherTest\EWARM\EtherTest\Obj\cmsis_os.o
#        C:\Users\ThaoHuyen\Desktop\EtherTest\EWARM\EtherTest\Obj\croutine.o
#        C:\Users\ThaoHuyen\Desktop\EtherTest\EWARM\EtherTest\Obj\def.o
#        C:\Users\ThaoHuyen\Desktop\EtherTest\EWARM\EtherTest\Obj\demand.o
#        C:\Users\ThaoHuyen\Desktop\EtherTest\EWARM\EtherTest\Obj\des.o
#        C:\Users\ThaoHuyen\Desktop\EtherTest\EWARM\EtherTest\Obj\dhcp.o
#        C:\Users\ThaoHuyen\Desktop\EtherTest\EWARM\EtherTest\Obj\dhcp6.o
#        C:\Users\ThaoHuyen\Desktop\EtherTest\EWARM\EtherTest\Obj\dns.o
#        C:\Users\ThaoHuyen\Desktop\EtherTest\EWARM\EtherTest\Obj\eap.o
#        C:\Users\ThaoHuyen\Desktop\EtherTest\EWARM\EtherTest\Obj\ecp.o
#        C:\Users\ThaoHuyen\Desktop\EtherTest\EWARM\EtherTest\Obj\err.o
#        C:\Users\ThaoHuyen\Desktop\EtherTest\EWARM\EtherTest\Obj\etharp.o
#        C:\Users\ThaoHuyen\Desktop\EtherTest\EWARM\EtherTest\Obj\ethernet.o
#        C:\Users\ThaoHuyen\Desktop\EtherTest\EWARM\EtherTest\Obj\ethernetif.o
#        C:\Users\ThaoHuyen\Desktop\EtherTest\EWARM\EtherTest\Obj\ethip6.o
#        C:\Users\ThaoHuyen\Desktop\EtherTest\EWARM\EtherTest\Obj\eui64.o
#        C:\Users\ThaoHuyen\Desktop\EtherTest\EWARM\EtherTest\Obj\event_groups.o
#        C:\Users\ThaoHuyen\Desktop\EtherTest\EWARM\EtherTest\Obj\freertos.o
#        C:\Users\ThaoHuyen\Desktop\EtherTest\EWARM\EtherTest\Obj\fsm.o
#        C:\Users\ThaoHuyen\Desktop\EtherTest\EWARM\EtherTest\Obj\heap_4.o
#        C:\Users\ThaoHuyen\Desktop\EtherTest\EWARM\EtherTest\Obj\icmp.o
#        C:\Users\ThaoHuyen\Desktop\EtherTest\EWARM\EtherTest\Obj\icmp6.o
#        C:\Users\ThaoHuyen\Desktop\EtherTest\EWARM\EtherTest\Obj\igmp.o
#        C:\Users\ThaoHuyen\Desktop\EtherTest\EWARM\EtherTest\Obj\inet6.o
#        C:\Users\ThaoHuyen\Desktop\EtherTest\EWARM\EtherTest\Obj\inet_chksum.o
#        C:\Users\ThaoHuyen\Desktop\EtherTest\EWARM\EtherTest\Obj\init.o
#        C:\Users\ThaoHuyen\Desktop\EtherTest\EWARM\EtherTest\Obj\ip.o
#        C:\Users\ThaoHuyen\Desktop\EtherTest\EWARM\EtherTest\Obj\ip4.o
#        C:\Users\ThaoHuyen\Desktop\EtherTest\EWARM\EtherTest\Obj\ip4_addr.o
#        C:\Users\ThaoHuyen\Desktop\EtherTest\EWARM\EtherTest\Obj\ip4_frag.o
#        C:\Users\ThaoHuyen\Desktop\EtherTest\EWARM\EtherTest\Obj\ip6.o
#        C:\Users\ThaoHuyen\Desktop\EtherTest\EWARM\EtherTest\Obj\ip6_addr.o
#        C:\Users\ThaoHuyen\Desktop\EtherTest\EWARM\EtherTest\Obj\ip6_frag.o
#        C:\Users\ThaoHuyen\Desktop\EtherTest\EWARM\EtherTest\Obj\ipcp.o
#        C:\Users\ThaoHuyen\Desktop\EtherTest\EWARM\EtherTest\Obj\ipv6cp.o
#        C:\Users\ThaoHuyen\Desktop\EtherTest\EWARM\EtherTest\Obj\lcp.o
#        C:\Users\ThaoHuyen\Desktop\EtherTest\EWARM\EtherTest\Obj\list.o
#        C:\Users\ThaoHuyen\Desktop\EtherTest\EWARM\EtherTest\Obj\lowpan6.o
#        C:\Users\ThaoHuyen\Desktop\EtherTest\EWARM\EtherTest\Obj\lwip.o
#        C:\Users\ThaoHuyen\Desktop\EtherTest\EWARM\EtherTest\Obj\magic.o
#        C:\Users\ThaoHuyen\Desktop\EtherTest\EWARM\EtherTest\Obj\main.o
#        C:\Users\ThaoHuyen\Desktop\EtherTest\EWARM\EtherTest\Obj\md4.o
#        C:\Users\ThaoHuyen\Desktop\EtherTest\EWARM\EtherTest\Obj\md5.o
#        C:\Users\ThaoHuyen\Desktop\EtherTest\EWARM\EtherTest\Obj\mem.o
#        C:\Users\ThaoHuyen\Desktop\EtherTest\EWARM\EtherTest\Obj\memp.o
#        C:\Users\ThaoHuyen\Desktop\EtherTest\EWARM\EtherTest\Obj\mld6.o
#        C:\Users\ThaoHuyen\Desktop\EtherTest\EWARM\EtherTest\Obj\mppe.o
#        C:\Users\ThaoHuyen\Desktop\EtherTest\EWARM\EtherTest\Obj\MQTTClient.o
#        C:\Users\ThaoHuyen\Desktop\EtherTest\EWARM\EtherTest\Obj\MQTTConnectClient.o
#        C:\Users\ThaoHuyen\Desktop\EtherTest\EWARM\EtherTest\Obj\MQTTConnectServer.o
#        C:\Users\ThaoHuyen\Desktop\EtherTest\EWARM\EtherTest\Obj\MQTTDeserializePublish.o
#        C:\Users\ThaoHuyen\Desktop\EtherTest\EWARM\EtherTest\Obj\MQTTFormat.o
#        C:\Users\ThaoHuyen\Desktop\EtherTest\EWARM\EtherTest\Obj\MQTTPacket.o
#        C:\Users\ThaoHuyen\Desktop\EtherTest\EWARM\EtherTest\Obj\MQTTSerializePublish.o
#        C:\Users\ThaoHuyen\Desktop\EtherTest\EWARM\EtherTest\Obj\MQTTSubscribeClient.o
#        C:\Users\ThaoHuyen\Desktop\EtherTest\EWARM\EtherTest\Obj\MQTTSubscribeServer.o
#        C:\Users\ThaoHuyen\Desktop\EtherTest\EWARM\EtherTest\Obj\MQTTUnsubscribeClient.o
#        C:\Users\ThaoHuyen\Desktop\EtherTest\EWARM\EtherTest\Obj\MQTTUnsubscribeServer.o
#        C:\Users\ThaoHuyen\Desktop\EtherTest\EWARM\EtherTest\Obj\multilink.o
#        C:\Users\ThaoHuyen\Desktop\EtherTest\EWARM\EtherTest\Obj\nd6.o
#        C:\Users\ThaoHuyen\Desktop\EtherTest\EWARM\EtherTest\Obj\netbuf.o
#        C:\Users\ThaoHuyen\Desktop\EtherTest\EWARM\EtherTest\Obj\netdb.o
#        C:\Users\ThaoHuyen\Desktop\EtherTest\EWARM\EtherTest\Obj\netif.o
#        C:\Users\ThaoHuyen\Desktop\EtherTest\EWARM\EtherTest\Obj\netifapi.o
#        C:\Users\ThaoHuyen\Desktop\EtherTest\EWARM\EtherTest\Obj\pbuf.o
#        C:\Users\ThaoHuyen\Desktop\EtherTest\EWARM\EtherTest\Obj\port.o
#        C:\Users\ThaoHuyen\Desktop\EtherTest\EWARM\EtherTest\Obj\portasm.o
#        C:\Users\ThaoHuyen\Desktop\EtherTest\EWARM\EtherTest\Obj\ppp.o
#        C:\Users\ThaoHuyen\Desktop\EtherTest\EWARM\EtherTest\Obj\pppapi.o
#        C:\Users\ThaoHuyen\Desktop\EtherTest\EWARM\EtherTest\Obj\pppcrypt.o
#        C:\Users\ThaoHuyen\Desktop\EtherTest\EWARM\EtherTest\Obj\pppoe.o
#        C:\Users\ThaoHuyen\Desktop\EtherTest\EWARM\EtherTest\Obj\pppol2tp.o
#        C:\Users\ThaoHuyen\Desktop\EtherTest\EWARM\EtherTest\Obj\pppos.o
#        C:\Users\ThaoHuyen\Desktop\EtherTest\EWARM\EtherTest\Obj\queue.o
#        C:\Users\ThaoHuyen\Desktop\EtherTest\EWARM\EtherTest\Obj\raw.o
#        C:\Users\ThaoHuyen\Desktop\EtherTest\EWARM\EtherTest\Obj\sha1.o
#        C:\Users\ThaoHuyen\Desktop\EtherTest\EWARM\EtherTest\Obj\slipif.o
#        C:\Users\ThaoHuyen\Desktop\EtherTest\EWARM\EtherTest\Obj\sockets.o
#        C:\Users\ThaoHuyen\Desktop\EtherTest\EWARM\EtherTest\Obj\startup_stm32f746xx.o
#        C:\Users\ThaoHuyen\Desktop\EtherTest\EWARM\EtherTest\Obj\stats.o
#        C:\Users\ThaoHuyen\Desktop\EtherTest\EWARM\EtherTest\Obj\stm32f7xx_hal.o
#        C:\Users\ThaoHuyen\Desktop\EtherTest\EWARM\EtherTest\Obj\stm32f7xx_hal_cortex.o
#        C:\Users\ThaoHuyen\Desktop\EtherTest\EWARM\EtherTest\Obj\stm32f7xx_hal_dma.o
#        C:\Users\ThaoHuyen\Desktop\EtherTest\EWARM\EtherTest\Obj\stm32f7xx_hal_dma_ex.o
#        C:\Users\ThaoHuyen\Desktop\EtherTest\EWARM\EtherTest\Obj\stm32f7xx_hal_eth.o
#        C:\Users\ThaoHuyen\Desktop\EtherTest\EWARM\EtherTest\Obj\stm32f7xx_hal_flash.o
#        C:\Users\ThaoHuyen\Desktop\EtherTest\EWARM\EtherTest\Obj\stm32f7xx_hal_flash_ex.o
#        C:\Users\ThaoHuyen\Desktop\EtherTest\EWARM\EtherTest\Obj\stm32f7xx_hal_gpio.o
#        C:\Users\ThaoHuyen\Desktop\EtherTest\EWARM\EtherTest\Obj\stm32f7xx_hal_i2c.o
#        C:\Users\ThaoHuyen\Desktop\EtherTest\EWARM\EtherTest\Obj\stm32f7xx_hal_i2c_ex.o
#        C:\Users\ThaoHuyen\Desktop\EtherTest\EWARM\EtherTest\Obj\stm32f7xx_hal_msp.o
#        C:\Users\ThaoHuyen\Desktop\EtherTest\EWARM\EtherTest\Obj\stm32f7xx_hal_pwr.o
#        C:\Users\ThaoHuyen\Desktop\EtherTest\EWARM\EtherTest\Obj\stm32f7xx_hal_pwr_ex.o
#        C:\Users\ThaoHuyen\Desktop\EtherTest\EWARM\EtherTest\Obj\stm32f7xx_hal_rcc.o
#        C:\Users\ThaoHuyen\Desktop\EtherTest\EWARM\EtherTest\Obj\stm32f7xx_hal_rcc_ex.o
#        C:\Users\ThaoHuyen\Desktop\EtherTest\EWARM\EtherTest\Obj\stm32f7xx_hal_tim.o
#        C:\Users\ThaoHuyen\Desktop\EtherTest\EWARM\EtherTest\Obj\stm32f7xx_hal_tim_ex.o
#        C:\Users\ThaoHuyen\Desktop\EtherTest\EWARM\EtherTest\Obj\stm32f7xx_hal_timebase_TIM.o
#        C:\Users\ThaoHuyen\Desktop\EtherTest\EWARM\EtherTest\Obj\stm32f7xx_hal_uart.o
#        C:\Users\ThaoHuyen\Desktop\EtherTest\EWARM\EtherTest\Obj\stm32f7xx_it.o
#        C:\Users\ThaoHuyen\Desktop\EtherTest\EWARM\EtherTest\Obj\sys.o
#        C:\Users\ThaoHuyen\Desktop\EtherTest\EWARM\EtherTest\Obj\sys_arch.o
#        C:\Users\ThaoHuyen\Desktop\EtherTest\EWARM\EtherTest\Obj\system_stm32f7xx.o
#        C:\Users\ThaoHuyen\Desktop\EtherTest\EWARM\EtherTest\Obj\tasks.o
#        C:\Users\ThaoHuyen\Desktop\EtherTest\EWARM\EtherTest\Obj\tcp.o
#        C:\Users\ThaoHuyen\Desktop\EtherTest\EWARM\EtherTest\Obj\tcp_in.o
#        C:\Users\ThaoHuyen\Desktop\EtherTest\EWARM\EtherTest\Obj\tcp_out.o
#        C:\Users\ThaoHuyen\Desktop\EtherTest\EWARM\EtherTest\Obj\tcpip.o
#        C:\Users\ThaoHuyen\Desktop\EtherTest\EWARM\EtherTest\Obj\timeouts.o
#        C:\Users\ThaoHuyen\Desktop\EtherTest\EWARM\EtherTest\Obj\timers.o
#        C:\Users\ThaoHuyen\Desktop\EtherTest\EWARM\EtherTest\Obj\UART.o
#        C:\Users\ThaoHuyen\Desktop\EtherTest\EWARM\EtherTest\Obj\udp.o
#        C:\Users\ThaoHuyen\Desktop\EtherTest\EWARM\EtherTest\Obj\upap.o
#        C:\Users\ThaoHuyen\Desktop\EtherTest\EWARM\EtherTest\Obj\utils.o
#        C:\Users\ThaoHuyen\Desktop\EtherTest\EWARM\EtherTest\Obj\vj.o
#        --redirect _Printf=_PrintfFull --redirect _Scanf=_ScanfFull -o
#        C:\Users\ThaoHuyen\Desktop\EtherTest\EWARM\EtherTest\Exe\EtherTest.out
#        --map
#        C:\Users\ThaoHuyen\Desktop\EtherTest\EWARM\EtherTest\List\EtherTest.map
#        --config
#        C:\Users\ThaoHuyen\Desktop\EtherTest\EWARM/stm32f746xx_flash.icf
#        --semihosting --entry __iar_program_start --vfe --text_out locale)
#
###############################################################################

*******************************************************************************
*** RUNTIME MODEL ATTRIBUTES
***

CppFlavor       = *
__SystemLibrary = DLib
__dlib_version  = 6


*******************************************************************************
*** HEAP SELECTION
***

The basic heap was selected because no calls to memory allocation
functions were found in the application outside of system library
functions, and there are calls to deallocation functions in the
application.


*******************************************************************************
*** PLACEMENT SUMMARY
***

"A0":  place at 0x08000000 { ro section .intvec };
"P1":  place in [from 0x08000000 to 0x080fffff] { ro };
"P2":  place in [from 0x20000000 to 0x2004ffff] { rw, block CSTACK, block HEAP };
initialize by copy { rw };

  Section            Kind        Address    Size  Object
  -------            ----        -------    ----  ------
"A0":                                      0x1c8
  .intvec            ro code  0x08000000   0x1c8  startup_stm32f746xx.o [1]
                            - 0x080001c8   0x1c8

"P1":                                     0xe974
  .text              ro code  0x080001c8  0x1820  tcp_in.o [1]
  .text              ro code  0x080019e8   0x5ba  pbuf.o [1]
  .text              ro code  0x08001fa2    0x1e  xencoding_8859_1.o [3]
  .text              ro code  0x08001fc0    0xec  ip4_addr.o [1]
  .text              ro code  0x080020ac    0x2c  def.o [1]
  .text              ro code  0x080020d8   0xea8  tcp.o [1]
  .text              ro code  0x08002f80    0xc0  memp.o [1]
  .text              ro code  0x08003040   0xda6  tcp_out.o [1]
  .text              ro code  0x08003de6     0xa  xsprout.o [3]
  .text              ro code  0x08003df0   0x24c  timeouts.o [1]
  .text              ro code  0x0800403c   0x21c  sys_arch.o [1]
  .text              ro code  0x08004258   0x1ac  tcpip.o [1]
  .text              ro code  0x08004404   0x344  mem.o [1]
  .text              ro code  0x08004748    0xa6  ABImemcpy.o [5]
  .text              ro code  0x080047f0   0x370  ip4.o [1]
  .text              ro code  0x08004b60    0x66  ABImemset.o [5]
  .text              ro code  0x08004bc8   0x4c0  ethernetif.o [1]
  .text              ro code  0x08005088   0x3ce  cmsis_os.o [1]
  .text              ro code  0x08005458     0x6  ABImemclr4.o [5]
  .text              ro code  0x0800545e    0x20  init.o [1]
  .text              ro code  0x08005480   0x670  ip4_frag.o [1]
  .text              ro code  0x08005af0   0x368  udp.o [1]
  .text              ro code  0x08005e58   0x21c  icmp.o [1]
  .text              ro code  0x08006074   0x23c  stm32f7xx_hal_gpio.o [1]
  .text              ro code  0x080062b0   0x148  stm32f7xx_hal_cortex.o [1]
  .text              ro code  0x080063f8   0xaba  stm32f7xx_hal_eth.o [1]
  .text              ro code  0x08006eb4     0xc  stm32f7xx_hal.o [1]
  .text              ro code  0x08006ec0   0xab8  tasks.o [1]
  .text              ro code  0x08007978   0x924  queue.o [1]
  .text              ro code  0x0800829c   0x238  port.o [1]
  .text              ro code  0x080084d4    0x32  ABImemset48.o [5]
  .text              ro code  0x08008508   0x17e  netif.o [1]
  .text              ro code  0x08008688   0x78c  stm32f7xx_hal_rcc.o [1]
  .text              ro code  0x08008e14    0x1a  stm32f7xx_hal.o [1]
  .text              ro code  0x08008e2e     0x2  stm32f7xx_hal_eth.o [1]
  .text              ro code  0x08008e30     0x2  stm32f7xx_hal_eth.o [1]
  .text              ro code  0x08008e34   0x278  heap_4.o [1]
  .text              ro code  0x080090ac    0x98  list.o [1]
  CODE               ro code  0x08009144    0xac  portasm.o [1]
  .text              ro code  0x080091f0   0x990  etharp.o [1]
  .text              ro code  0x08009b80    0x8c  stm32f7xx_hal_timebase_TIM.o [1]
  .text              ro code  0x08009c0c   0x11c  ethernet.o [1]
  .text              ro code  0x08009d28   0x302  stm32f7xx_hal_tim.o [1]
  .text              ro code  0x0800a02c    0x68  memcmp.o [5]
  .text              ro code  0x0800a094     0x2  stm32f7xx_hal_tim.o [1]
  .text              ro code  0x0800a096     0x2  stm32f7xx_hal_tim.o [1]
  .text              ro code  0x0800a098     0x2  stm32f7xx_hal_tim.o [1]
  .text              ro code  0x0800a09c   0x1fa  main.o [1]
  .text              ro code  0x0800a296     0x2  stm32f7xx_hal_tim_ex.o [1]
  .text              ro code  0x0800a298     0x2  stm32f7xx_hal_tim.o [1]
  .text              ro code  0x0800a29a     0x2  stm32f7xx_hal_tim_ex.o [1]
  .text              ro code  0x0800a29c    0x16  stm32f7xx_hal.o [1]
  .text              ro code  0x0800a2b4   0x1de  UART.o [1]
  .text              ro code  0x0800a494   0x7a0  stm32f7xx_hal_rcc_ex.o [1]
  .text              ro code  0x0800ac34   0x640  stm32f7xx_hal_uart.o [1]
  .text              ro code  0x0800b274   0x268  lwip.o [1]
  .text              ro code  0x0800b4dc    0x10  stm32f7xx_hal.o [1]
  .text              ro code  0x0800b4ec    0xb0  stm32f7xx_hal_msp.o [1]
  .text              ro code  0x0800b59c    0x36  strlen.o [5]
  .text              ro code  0x0800b5d4    0x40  sprintf.o [3]
  .text              ro code  0x0800b614   0x178  api_lib.o [1]
  .text              ro code  0x0800b78c   0x164  MQTTClient.o [1]
  .text              ro code  0x0800b8f0   0xf4e  xprintffull.o [3]
  .text              ro code  0x0800c840   0xac8  api_msg.o [1]
  .text              ro code  0x0800d308   0x1fc  MQTTConnectClient.o [1]
  .text              ro code  0x0800d504    0xdc  MQTTSerializePublish.o [1]
  .text              ro code  0x0800d5e0    0x7c  xlocale_c.o [3]
  .text              ro code  0x0800d65c    0x16  strchr.o [5]
  .text              ro code  0x0800d674    0x44  xfail_s.o [3]
  .text              ro code  0x0800d6b8    0x58  memchr.o [5]
  .text              ro code  0x0800d710     0xa  xmbcurmax.o [3]
  .text              ro code  0x0800d71c    0xee  I64DivMod.o [5]
  .text              ro code  0x0800d80c   0x192  DblMul.o [4]
  .text              ro code  0x0800d9a0    0x70  frexp.o [4]
  .text              ro code  0x0800da10    0x2e  DblCmpLe.o [4]
  .text              ro code  0x0800da40    0x2e  DblCmpGe.o [4]
  .text              ro code  0x0800da70   0x13a  ldexp.o [4]
  .text              ro code  0x0800dbac    0x3a  DblToS32.o [4]
  .text              ro code  0x0800dbe8    0x22  S32ToDbl.o [4]
  .text              ro code  0x0800dc0c    0xe2  DblSub.o [4]
  .text              ro code  0x0800dcf0   0x246  DblDiv.o [4]
  .text              ro code  0x0800df38    0x28  DblToU32.o [4]
  .text              ro code  0x0800df60    0x1a  U32ToDbl.o [4]
  .text              ro code  0x0800df7a    0x26  netbuf.o [1]
  .text              ro code  0x0800dfa0   0x10c  MQTTPacket.o [1]
  .text              ro code  0x0800e0ac     0x6  abort.o [3]
  .text              ro code  0x0800e0b4     0x2  I64DivZer.o [5]
  .text              ro code  0x0800e0b8   0x168  DblAdd.o [4]
  .text              ro code  0x0800e220    0x14  exit.o [6]
  Initializer bytes  const    0x0800e234    0x90  <for P2-1>
  .text              ro code  0x0800e2c4    0x6c  system_stm32f7xx.o [1]
  .rodata            const    0x0800e330    0x58  MQTTClient.o [1]
  .text              ro code  0x0800e388    0x40  zero_init3.o [5]
  .rodata            const    0x0800e3c8    0x3c  MQTTClient.o [1]
  .rodata            const    0x0800e404    0x38  MQTTClient.o [1]
  .rodata            const    0x0800e43c    0x38  MQTTClient.o [1]
  .rodata            const    0x0800e474    0x34  memp.o [1]
  .text              ro code  0x0800e4a8    0x30  stm32f7xx_it.o [1]
  .rodata            const    0x0800e4d8    0x2c  lwip.o [1]
  .rodata            const    0x0800e504    0x2c  MQTTClient.o [1]
  .text              ro code  0x0800e530    0x2c  copy_init3.o [5]
  .rodata            const    0x0800e55c    0x28  lwip.o [1]
  .rodata            const    0x0800e584    0x28  lwip.o [1]
  .rodata            const    0x0800e5ac    0x28  MQTTClient.o [1]
  .text              ro code  0x0800e5d4    0x28  data_init.o [5]
  .rodata            const    0x0800e5fc    0x24  lwip.o [1]
  .rodata            const    0x0800e620    0x24  lwip.o [1]
  .rodata            const    0x0800e644    0x24  lwip.o [1]
  .text              ro code  0x0800e668    0x22  fpinit_M.o [4]
  .iar.init_table    const    0x0800e68c    0x24  - Linker created -
  .rodata            const    0x0800e6b0    0x20  lwip.o [1]
  .rodata            const    0x0800e6d0    0x20  lwip.o [1]
  .rodata            const    0x0800e6f0    0x20  lwip.o [1]
  .rodata            const    0x0800e710    0x20  MQTTClient.o [1]
  .rodata            const    0x0800e730    0x1c  lwip.o [1]
  .rodata            const    0x0800e74c    0x1c  main.o [1]
  .text              ro code  0x0800e768    0x1a  cmain.o [5]
  .text              ro code  0x0800e782     0x4  low_level_init.o [3]
  .text              ro code  0x0800e786     0x4  exit.o [3]
  .text              ro code  0x0800e78c     0xa  cexit.o [5]
  .rodata            const    0x0800e798    0x18  lwip.o [1]
  .rodata            const    0x0800e7b0    0x18  timeouts.o [1]
  .rodata            const    0x0800e7c8    0x14  ethernetif.o [1]
  .rodata            const    0x0800e7dc    0x14  main.o [1]
  .rodata            const    0x0800e7f0    0x14  UART.o [1]
  .rodata            const    0x0800e804    0x10  lwip.o [1]
  .rodata            const    0x0800e814    0x10  lwip.o [1]
  .rodata            const    0x0800e824    0x10  system_stm32f7xx.o [1]
  .rodata            const    0x0800e834    0x10  tcp.o [1]
  .rodata            const    0x0800e844    0x10  tcp.o [1]
  .rodata            const    0x0800e854    0x10  tcpip.o [1]
  .text              ro code  0x0800e864    0x10  startup_stm32f746xx.o [1]
  .rodata            const    0x0800e874     0xc  lwip.o [1]
  .rodata            const    0x0800e880     0xc  lwip.o [1]
  .rodata            const    0x0800e88c     0xc  main.o [1]
  .rodata            const    0x0800e898     0xc  memp.o [1]
  .rodata            const    0x0800e8a4     0xc  memp.o [1]
  .rodata            const    0x0800e8b0     0xc  memp.o [1]
  .rodata            const    0x0800e8bc     0xc  memp.o [1]
  .rodata            const    0x0800e8c8     0xc  memp.o [1]
  .rodata            const    0x0800e8d4     0xc  memp.o [1]
  .rodata            const    0x0800e8e0     0xc  memp.o [1]
  .rodata            const    0x0800e8ec     0xc  memp.o [1]
  .rodata            const    0x0800e8f8     0xc  memp.o [1]
  .rodata            const    0x0800e904     0xc  memp.o [1]
  .rodata            const    0x0800e910     0xc  memp.o [1]
  .rodata            const    0x0800e91c     0xc  memp.o [1]
  .rodata            const    0x0800e928     0xc  memp.o [1]
  .text              ro code  0x0800e934     0xc  cstartup_M.o [5]
  .rodata            const    0x0800e940     0x8  ethernet.o [1]
  .rodata            const    0x0800e948     0x8  ethernet.o [1]
  .rodata            const    0x0800e950     0x8  ethernetif.o [1]
  .rodata            const    0x0800e958     0x8  MQTTClient.o [1]
  .rodata            const    0x0800e960     0x8  MQTTConnectClient.o [1]
  .rodata            const    0x0800e968     0x8  MQTTConnectClient.o [1]
  .rodata            const    0x0800e970     0x8  sys_arch.o [1]
  .rodata            const    0x0800e978     0x8  system_stm32f7xx.o [1]
  .rodata            const    0x0800e980     0x8  tasks.o [1]
  .rodata            const    0x0800e988     0x8  tcp.o [1]
  .rodata            const    0x0800e990     0x6  xlocale_c.o [3]
  .rodata            const    0x0800e998     0x4  ethernetif.o [1]
  .rodata            const    0x0800e99c     0x4  heap_4.o [1]
  .rodata            const    0x0800e9a0     0x4  ip4_addr.o [1]
  .rodata            const    0x0800e9a4     0x4  MQTTConnectClient.o [1]
  .rodata            const    0x0800e9a8     0x4  MQTTConnectClient.o [1]
  .rodata            const    0x0800e9ac     0x4  MQTTSerializePublish.o [1]
  .rodata            const    0x0800e9b0     0x4  port.o [1]
  .rodata            const    0x0800e9b4     0x4  sys_arch.o [1]
  .rodata            const    0x0800e9b8     0x4  sys_arch.o [1]
  .rodata            const    0x0800e9bc     0x4  sys_arch.o [1]
  .text              ro code  0x0800e9c0     0x4  startup_stm32f746xx.o [1]
  .text              ro code  0x0800e9c4     0x4  startup_stm32f746xx.o [1]
  .text              ro code  0x0800e9c8     0x4  startup_stm32f746xx.o [1]
  .text              ro code  0x0800e9cc     0x4  startup_stm32f746xx.o [1]
  .text              ro code  0x0800e9d0     0x4  startup_stm32f746xx.o [1]
  .text              ro code  0x0800e9d4     0x4  startup_stm32f746xx.o [1]
  .text              ro code  0x0800e9d8     0x4  startup_stm32f746xx.o [1]
  .text              ro code  0x0800e9dc     0x4  startup_stm32f746xx.o [1]
  .text              ro code  0x0800e9e0     0x4  startup_stm32f746xx.o [1]
  .text              ro code  0x0800e9e4     0x4  startup_stm32f746xx.o [1]
  .text              ro code  0x0800e9e8     0x4  startup_stm32f746xx.o [1]
  .text              ro code  0x0800e9ec     0x4  startup_stm32f746xx.o [1]
  .text              ro code  0x0800e9f0     0x4  startup_stm32f746xx.o [1]
  .text              ro code  0x0800e9f4     0x4  startup_stm32f746xx.o [1]
  .text              ro code  0x0800e9f8     0x4  startup_stm32f746xx.o [1]
  .text              ro code  0x0800e9fc     0x4  startup_stm32f746xx.o [1]
  .text              ro code  0x0800ea00     0x4  startup_stm32f746xx.o [1]
  .text              ro code  0x0800ea04     0x4  startup_stm32f746xx.o [1]
  .text              ro code  0x0800ea08     0x4  startup_stm32f746xx.o [1]
  .text              ro code  0x0800ea0c     0x4  startup_stm32f746xx.o [1]
  .text              ro code  0x0800ea10     0x4  startup_stm32f746xx.o [1]
  .text              ro code  0x0800ea14     0x4  startup_stm32f746xx.o [1]
  .text              ro code  0x0800ea18     0x4  startup_stm32f746xx.o [1]
  .text              ro code  0x0800ea1c     0x4  startup_stm32f746xx.o [1]
  .text              ro code  0x0800ea20     0x4  startup_stm32f746xx.o [1]
  .text              ro code  0x0800ea24     0x4  startup_stm32f746xx.o [1]
  .text              ro code  0x0800ea28     0x4  startup_stm32f746xx.o [1]
  .text              ro code  0x0800ea2c     0x4  startup_stm32f746xx.o [1]
  .text              ro code  0x0800ea30     0x4  startup_stm32f746xx.o [1]
  .text              ro code  0x0800ea34     0x4  startup_stm32f746xx.o [1]
  .text              ro code  0x0800ea38     0x4  startup_stm32f746xx.o [1]
  .text              ro code  0x0800ea3c     0x4  startup_stm32f746xx.o [1]
  .text              ro code  0x0800ea40     0x4  startup_stm32f746xx.o [1]
  .text              ro code  0x0800ea44     0x4  startup_stm32f746xx.o [1]
  .text              ro code  0x0800ea48     0x4  startup_stm32f746xx.o [1]
  .text              ro code  0x0800ea4c     0x4  startup_stm32f746xx.o [1]
  .text              ro code  0x0800ea50     0x4  startup_stm32f746xx.o [1]
  .text              ro code  0x0800ea54     0x4  startup_stm32f746xx.o [1]
  .text              ro code  0x0800ea58     0x4  startup_stm32f746xx.o [1]
  .text              ro code  0x0800ea5c     0x4  startup_stm32f746xx.o [1]
  .text              ro code  0x0800ea60     0x4  startup_stm32f746xx.o [1]
  .text              ro code  0x0800ea64     0x4  startup_stm32f746xx.o [1]
  .text              ro code  0x0800ea68     0x4  startup_stm32f746xx.o [1]
  .text              ro code  0x0800ea6c     0x4  startup_stm32f746xx.o [1]
  .text              ro code  0x0800ea70     0x4  startup_stm32f746xx.o [1]
  .text              ro code  0x0800ea74     0x4  startup_stm32f746xx.o [1]
  .text              ro code  0x0800ea78     0x4  startup_stm32f746xx.o [1]
  .text              ro code  0x0800ea7c     0x4  startup_stm32f746xx.o [1]
  .text              ro code  0x0800ea80     0x4  startup_stm32f746xx.o [1]
  .text              ro code  0x0800ea84     0x4  startup_stm32f746xx.o [1]
  .text              ro code  0x0800ea88     0x4  startup_stm32f746xx.o [1]
  .text              ro code  0x0800ea8c     0x4  startup_stm32f746xx.o [1]
  .text              ro code  0x0800ea90     0x4  startup_stm32f746xx.o [1]
  .text              ro code  0x0800ea94     0x4  startup_stm32f746xx.o [1]
  .text              ro code  0x0800ea98     0x4  startup_stm32f746xx.o [1]
  .text              ro code  0x0800ea9c     0x4  startup_stm32f746xx.o [1]
  .text              ro code  0x0800eaa0     0x4  startup_stm32f746xx.o [1]
  .text              ro code  0x0800eaa4     0x4  startup_stm32f746xx.o [1]
  .text              ro code  0x0800eaa8     0x4  startup_stm32f746xx.o [1]
  .text              ro code  0x0800eaac     0x4  startup_stm32f746xx.o [1]
  .text              ro code  0x0800eab0     0x4  startup_stm32f746xx.o [1]
  .text              ro code  0x0800eab4     0x4  startup_stm32f746xx.o [1]
  .text              ro code  0x0800eab8     0x4  startup_stm32f746xx.o [1]
  .text              ro code  0x0800eabc     0x4  startup_stm32f746xx.o [1]
  .text              ro code  0x0800eac0     0x4  startup_stm32f746xx.o [1]
  .text              ro code  0x0800eac4     0x4  startup_stm32f746xx.o [1]
  .text              ro code  0x0800eac8     0x4  startup_stm32f746xx.o [1]
  .text              ro code  0x0800eacc     0x4  startup_stm32f746xx.o [1]
  .text              ro code  0x0800ead0     0x4  startup_stm32f746xx.o [1]
  .text              ro code  0x0800ead4     0x4  startup_stm32f746xx.o [1]
  .text              ro code  0x0800ead8     0x4  startup_stm32f746xx.o [1]
  .text              ro code  0x0800eadc     0x4  startup_stm32f746xx.o [1]
  .text              ro code  0x0800eae0     0x4  startup_stm32f746xx.o [1]
  .text              ro code  0x0800eae4     0x4  startup_stm32f746xx.o [1]
  .text              ro code  0x0800eae8     0x4  startup_stm32f746xx.o [1]
  .text              ro code  0x0800eaec     0x4  startup_stm32f746xx.o [1]
  .text              ro code  0x0800eaf0     0x4  startup_stm32f746xx.o [1]
  .text              ro code  0x0800eaf4     0x4  startup_stm32f746xx.o [1]
  .text              ro code  0x0800eaf8     0x4  startup_stm32f746xx.o [1]
  .text              ro code  0x0800eafc     0x4  startup_stm32f746xx.o [1]
  .text              ro code  0x0800eb00     0x4  startup_stm32f746xx.o [1]
  .text              ro code  0x0800eb04     0x4  startup_stm32f746xx.o [1]
  .text              ro code  0x0800eb08     0x4  startup_stm32f746xx.o [1]
  .text              ro code  0x0800eb0c     0x4  startup_stm32f746xx.o [1]
  .text              ro code  0x0800eb10     0x4  startup_stm32f746xx.o [1]
  .text              ro code  0x0800eb14     0x4  startup_stm32f746xx.o [1]
  .text              ro code  0x0800eb18     0x4  startup_stm32f746xx.o [1]
  .text              ro code  0x0800eb1c     0x4  startup_stm32f746xx.o [1]
  .text              ro code  0x0800eb20     0x4  startup_stm32f746xx.o [1]
  .text              ro code  0x0800eb24     0x4  startup_stm32f746xx.o [1]
  .text              ro code  0x0800eb28     0x4  startup_stm32f746xx.o [1]
  .text              ro code  0x0800eb2c     0x4  startup_stm32f746xx.o [1]
  .text              ro code  0x0800eb30     0x4  startup_stm32f746xx.o [1]
  .text              ro code  0x0800eb34     0x4  startup_stm32f746xx.o [1]
  .text              ro code  0x0800eb38     0x4  startup_stm32f746xx.o [1]
  .rodata            const    0x0800eb3c     0x0  zero_init3.o [5]
  .rodata            const    0x0800eb3c     0x0  copy_init3.o [5]
                            - 0x0800eb3c  0xe974

"P2", part 1 of 3:                          0x90
  P2-1                        0x20000000    0x90  <Init block>
    .data            inited   0x20000000     0x4  port.o [1]
    .data            inited   0x20000004     0x4  system_stm32f7xx.o [1]
    .data            inited   0x20000008     0x4  tcp.o [1]
    .data            inited   0x2000000c    0x38  xlocale_c.o [3]
    .data            inited   0x20000044    0x48  xlocale_c.o [3]
    .data            inited   0x2000008c     0x2  tcp.o [1]
    .data            inited   0x2000008e     0x2  udp.o [1]
                            - 0x20000090    0x90

"P2", part 2 of 3:                         0x400
  CSTACK                      0x20000090   0x400  <Block>
    CSTACK           uninit   0x20000090   0x400  <Block tail>
                            - 0x20000490   0x400

"P2", part 3 of 3:                        0xa844
  .bss               zero     0x20000490  0x3c00  heap_4.o [1]
  .bss               zero     0x20004090  0x2604  memp.o [1]
  .bss               zero     0x20006694  0x17d0  ethernetif.o [1]
  .bss               zero     0x20007e64  0x17d0  ethernetif.o [1]
  .bss               zero     0x20009634   0x654  mem.o [1]
  .bss               zero     0x20009c88   0x2fc  memp.o [1]
  .bss               zero     0x20009f84   0x16c  memp.o [1]
  .bss               zero     0x2000a0f0   0x104  memp.o [1]
  .bss               zero     0x2000a1f4   0x104  memp.o [1]
  .bss               zero     0x2000a2f8    0xf0  etharp.o [1]
  .bss               zero     0x2000a3e8    0xe4  memp.o [1]
  .bss               zero     0x2000a4cc    0xb4  memp.o [1]
  .bss               zero     0x2000a580    0xa4  memp.o [1]
  .bss               zero     0x2000a624    0x8c  tasks.o [1]
  .bss               zero     0x2000a6b0    0x84  memp.o [1]
  .bss               zero     0x2000a734    0x84  memp.o [1]
  .bss               zero     0x2000a7b8    0x84  memp.o [1]
  .bss               zero     0x2000a83c    0x80  ethernetif.o [1]
  .bss               zero     0x2000a8bc    0x80  ethernetif.o [1]
  .bss               zero     0x2000a93c    0x70  main.o [1]
  .bss               zero     0x2000a9ac    0x48  ethernetif.o [1]
  .bss               zero     0x2000a9f4    0x40  queue.o [1]
  .bss               zero     0x2000aa34    0x40  stm32f7xx_hal_timebase_TIM.o [1]
  .bss               zero     0x2000aa74    0x34  memp.o [1]
  .bss               zero     0x2000aaa8    0x30  lwip.o [1]
  .bss               zero     0x2000aad8    0x24  memp.o [1]
  .bss               zero     0x2000aafc    0x18  ip.o [1]
  .bss               zero     0x2000ab14    0x14  tasks.o [1]
  .bss               zero     0x2000ab28    0x14  tasks.o [1]
  .bss               zero     0x2000ab3c    0x14  tasks.o [1]
  .bss               zero     0x2000ab50    0x14  tasks.o [1]
  .bss               zero     0x2000ab64    0x14  tasks.o [1]
  .bss               zero     0x2000ab78    0x10  ip4_addr.o [1]
  .bss               zero     0x2000ab88    0x10  tcp_in.o [1]
  .bss               zero     0x2000ab98     0x8  heap_4.o [1]
  .bss               zero     0x2000aba0     0x4  ethernetif.o [1]
  .bss               zero     0x2000aba4     0x4  heap_4.o [1]
  .bss               zero     0x2000aba8     0x4  heap_4.o [1]
  .bss               zero     0x2000abac     0x4  heap_4.o [1]
  .bss               zero     0x2000abb0     0x4  heap_4.o [1]
  .bss               zero     0x2000abb4     0x4  ip4_frag.o [1]
  .bss               zero     0x2000abb8     0x4  lwip.o [1]
  .bss               zero     0x2000abbc     0x4  lwip.o [1]
  .bss               zero     0x2000abc0     0x4  lwip.o [1]
  .bss               zero     0x2000abc4     0x4  lwip.o [1]
  .bss               zero     0x2000abc8     0x4  lwip.o [1]
  .bss               zero     0x2000abcc     0x4  lwip.o [1]
  .bss               zero     0x2000abd0     0x4  lwip.o [1]
  .bss               zero     0x2000abd4     0x4  main.o [1]
  .bss               zero     0x2000abd8     0x4  mem.o [1]
  .bss               zero     0x2000abdc     0x4  mem.o [1]
  .bss               zero     0x2000abe0     0x4  mem.o [1]
  .bss               zero     0x2000abe4     0x4  mem.o [1]
  .bss               zero     0x2000abe8     0x4  memp.o [1]
  .bss               zero     0x2000abec     0x4  memp.o [1]
  .bss               zero     0x2000abf0     0x4  memp.o [1]
  .bss               zero     0x2000abf4     0x4  memp.o [1]
  .bss               zero     0x2000abf8     0x4  memp.o [1]
  .bss               zero     0x2000abfc     0x4  memp.o [1]
  .bss               zero     0x2000ac00     0x4  memp.o [1]
  .bss               zero     0x2000ac04     0x4  memp.o [1]
  .bss               zero     0x2000ac08     0x4  memp.o [1]
  .bss               zero     0x2000ac0c     0x4  memp.o [1]
  .bss               zero     0x2000ac10     0x4  memp.o [1]
  .bss               zero     0x2000ac14     0x4  memp.o [1]
  .bss               zero     0x2000ac18     0x4  memp.o [1]
  .bss               zero     0x2000ac1c     0x4  netif.o [1]
  .bss               zero     0x2000ac20     0x4  netif.o [1]
  .bss               zero     0x2000ac24     0x4  port.o [1]
  .bss               zero     0x2000ac28     0x4  stm32f7xx_hal.o [1]
  .bss               zero     0x2000ac2c     0x4  sys_arch.o [1]
  .bss               zero     0x2000ac30     0x4  tasks.o [1]
  .bss               zero     0x2000ac34     0x4  tasks.o [1]
  .bss               zero     0x2000ac38     0x4  tasks.o [1]
  .bss               zero     0x2000ac3c     0x4  tasks.o [1]
  .bss               zero     0x2000ac40     0x4  tasks.o [1]
  .bss               zero     0x2000ac44     0x4  tasks.o [1]
  .bss               zero     0x2000ac48     0x4  tasks.o [1]
  .bss               zero     0x2000ac4c     0x4  tasks.o [1]
  .bss               zero     0x2000ac50     0x4  tasks.o [1]
  .bss               zero     0x2000ac54     0x4  tasks.o [1]
  .bss               zero     0x2000ac58     0x4  tasks.o [1]
  .bss               zero     0x2000ac5c     0x4  tasks.o [1]
  .bss               zero     0x2000ac60     0x4  tasks.o [1]
  .bss               zero     0x2000ac64     0x4  tasks.o [1]
  .bss               zero     0x2000ac68     0x4  tasks.o [1]
  .bss               zero     0x2000ac6c     0x4  tcp.o [1]
  .bss               zero     0x2000ac70     0x4  tcp.o [1]
  .bss               zero     0x2000ac74     0x4  tcp.o [1]
  .bss               zero     0x2000ac78     0x4  tcp.o [1]
  .bss               zero     0x2000ac7c     0x4  tcp.o [1]
  .bss               zero     0x2000ac80     0x4  tcp_in.o [1]
  .bss               zero     0x2000ac84     0x4  tcp_in.o [1]
  .bss               zero     0x2000ac88     0x4  tcp_in.o [1]
  .bss               zero     0x2000ac8c     0x4  tcp_in.o [1]
  .bss               zero     0x2000ac90     0x4  tcp_in.o [1]
  .bss               zero     0x2000ac94     0x4  tcp_in.o [1]
  .bss               zero     0x2000ac98     0x4  tcpip.o [1]
  .bss               zero     0x2000ac9c     0x4  tcpip.o [1]
  .bss               zero     0x2000aca0     0x4  tcpip.o [1]
  .bss               zero     0x2000aca4     0x4  tcpip.o [1]
  .bss               zero     0x2000aca8     0x4  timeouts.o [1]
  .bss               zero     0x2000acac     0x4  timeouts.o [1]
  .bss               zero     0x2000acb0     0x4  timeouts.o [1]
  .bss               zero     0x2000acb4     0x4  udp.o [1]
  .bss               zero     0x2000acb8     0x4  xfail_s.o [3]
  .bss               zero     0x2000acbc     0x2  ip4.o [1]
  .bss               zero     0x2000acbe     0x2  ip4_frag.o [1]
  .bss               zero     0x2000acc0     0x2  tcp_in.o [1]
  .bss               zero     0x2000acc2     0x2  tcp_in.o [1]
  .bss               zero     0x2000acc4     0x2  tcp_in.o [1]
  .bss               zero     0x2000acc6     0x2  tcp_in.o [1]
  .bss               zero     0x2000acc8     0x2  tcp_in.o [1]
  .bss               zero     0x2000acca     0x1  etharp.o [1]
  .bss               zero     0x2000accb     0x1  netif.o [1]
  .bss               zero     0x2000accc     0x1  pbuf.o [1]
  .bss               zero     0x2000accd     0x1  port.o [1]
  .bss               zero     0x2000acce     0x1  tcp.o [1]
  .bss               zero     0x2000accf     0x1  tcp.o [1]
  .bss               zero     0x2000acd0     0x1  tcp.o [1]
  .bss               zero     0x2000acd1     0x1  tcp_in.o [1]
  .bss               zero     0x2000acd2     0x1  tcp_in.o [1]
                            - 0x2000acd3  0xa843


*******************************************************************************
*** INIT TABLE
***

          Address     Size
          -------     ----
Zero (__iar_zero_init3)
    1 destination range, total size 0xa843:
          0x20000490  0xa843

Copy (__iar_copy_init3)
    1 source range, total size 0x90:
          0x0800e234    0x90
    1 destination range, total size 0x90:
          0x20000000    0x90



*******************************************************************************
*** MODULE SUMMARY
***

    Module                        ro code  ro data  rw data
    ------                        -------  -------  -------
C:\Users\ThaoHuyen\Desktop\EtherTest\EWARM\EtherTest\Obj: [1]
    MQTTClient.o                      356      384
    MQTTConnectClient.o               508       24
    MQTTPacket.o                      268
    MQTTSerializePublish.o            220        4
    UART.o                            478       20
    api_lib.o                         376
    api_msg.o                       2 760
    cmsis_os.o                        974
    def.o                              44
    etharp.o                        2 448               241
    ethernet.o                        284       16
    ethernetif.o                    1 216       32   12 524
    heap_4.o                          632        4   15 384
    icmp.o                            540
    init.o                             32
    ip.o                                                 24
    ip4.o                             880                 2
    ip4_addr.o                        236        4       16
    ip4_frag.o                      1 648                 6
    list.o                            152
    lwip.o                            616      436       76
    main.o                            506       60      116
    mem.o                             836             1 636
    memp.o                            192      208   12 488
    netbuf.o                           38
    netif.o                           382                 9
    pbuf.o                          1 466                 1
    port.o                            568        8        9
    portasm.o                         172
    queue.o                         2 340                64
    startup_stm32f746xx.o             852
    stm32f7xx_hal.o                    76                 4
    stm32f7xx_hal_cortex.o            328
    stm32f7xx_hal_eth.o             2 750
    stm32f7xx_hal_gpio.o              572
    stm32f7xx_hal_msp.o               176
    stm32f7xx_hal_rcc.o             1 932
    stm32f7xx_hal_rcc_ex.o          1 952
    stm32f7xx_hal_tim.o               778
    stm32f7xx_hal_tim_ex.o              4
    stm32f7xx_hal_timebase_TIM.o      140                64
    stm32f7xx_hal_uart.o            1 600
    stm32f7xx_it.o                     48
    sys_arch.o                        540       20        4
    system_stm32f7xx.o                108       28        4
    tasks.o                         2 744        8      300
    tcp.o                           3 752       46       29
    tcp_in.o                        6 176                52
    tcp_out.o                       3 494
    tcpip.o                           428       16       16
    timeouts.o                        588       24       12
    udp.o                             872        2        6
    -------------------------------------------------------
    Total:                         51 078    1 344   43 087

command line: [2]
    -------------------------------------------------------
    Total:

dl7M_tlf.a: [3]
    abort.o                             6
    exit.o                              4
    low_level_init.o                    4
    sprintf.o                          64
    xencoding_8859_1.o                 30
    xfail_s.o                          68                 4
    xlocale_c.o                       124      134      128
    xmbcurmax.o                        10
    xprintffull.o                   3 918
    xsprout.o                          10
    -------------------------------------------------------
    Total:                          4 238      134      132

m7M_tls.a: [4]
    DblAdd.o                          360
    DblCmpGe.o                         46
    DblCmpLe.o                         46
    DblDiv.o                          582
    DblMul.o                          402
    DblSub.o                          226
    DblToS32.o                         58
    DblToU32.o                         40
    S32ToDbl.o                         34
    U32ToDbl.o                         26
    fpinit_M.o                         34
    frexp.o                           112
    ldexp.o                           314
    -------------------------------------------------------
    Total:                          2 280

rt7M_tl.a: [5]
    ABImemclr4.o                        6
    ABImemcpy.o                       166
    ABImemset.o                       102
    ABImemset48.o                      50
    I64DivMod.o                       238
    I64DivZer.o                         2
    cexit.o                            10
    cmain.o                            26
    copy_init3.o                       44
    cstartup_M.o                       12
    data_init.o                        40
    memchr.o                           88
    memcmp.o                          104
    strchr.o                           22
    strlen.o                           54
    zero_init3.o                       64
    -------------------------------------------------------
    Total:                          1 028

shb_l.a: [6]
    exit.o                             20
    -------------------------------------------------------
    Total:                             20

    Gaps                               56        6
    Linker created                              36    1 024
-----------------------------------------------------------
    Grand Total:                   58 700    1 520   44 243


*******************************************************************************
*** ENTRY LIST
***

Entry                      Address    Size  Type      Object
-----                      -------    ----  ----      ------
.iar.init_table$$Base   0x0800e68c           --   Gb  - Linker created -
.iar.init_table$$Limit  0x0800e6b0           --   Gb  - Linker created -
?main                   0x0800e769          Code  Gb  cmain.o [5]
AHBPrescTable           0x0800e824    0x10  Data  Gb  system_stm32f7xx.o [1]
APBPrescTable           0x0800e978     0x8  Data  Gb  system_stm32f7xx.o [1]
BusFault_Handler        0x0800e4af     0x2  Code  Gb  stm32f7xx_it.o [1]
CSTACK$$Base            0x20000090           --   Gb  - Linker created -
CSTACK$$Limit           0x20000490           --   Gb  - Linker created -
CacheMore               0x0800d5e5    0x24  Code  Lc  xlocale_c.o [3]
DMARxDscrTab            0x2000a83c    0x80  Data  Gb  ethernetif.o [1]
DMATxDscrTab            0x2000a8bc    0x80  Data  Gb  ethernetif.o [1]
DebugMon_Handler        0x0800e4b3     0x2  Code  Gb  stm32f7xx_it.o [1]
ETH_DMAReceptionEnable  0x08006e63    0x16  Code  Lc  stm32f7xx_hal_eth.o [1]
ETH_DMATransmissionEnable
                        0x08006e4d    0x16  Code  Lc  stm32f7xx_hal_eth.o [1]
ETH_FlushTransmitFIFO   0x08006e79    0x3a  Code  Lc  stm32f7xx_hal_eth.o [1]
ETH_IRQHandler          0x0800e4c7     0xa  Code  Gb  stm32f7xx_it.o [1]
ETH_MACAddressConfig    0x08006d95    0x2a  Code  Lc  stm32f7xx_hal_eth.o [1]
ETH_MACDMAConfig        0x08006b1d   0x278  Code  Lc  stm32f7xx_hal_eth.o [1]
ETH_MACReceptionEnable  0x08006e23    0x2a  Code  Lc  stm32f7xx_hal_eth.o [1]
ETH_MACTransmissionEnable
                        0x08006df9    0x2a  Code  Lc  stm32f7xx_hal_eth.o [1]
Error_Handler           0x0800a295     0x2  Code  Gb  main.o [1]
GATEWAY_ADDRESS         0x2000abcc     0x4  Data  Gb  lwip.o [1]
HAL_Delay               0x08008e15    0x1a  Code  Wk  stm32f7xx_hal.o [1]
HAL_ETH_DMARxDescListInit
                        0x080066e3    0x7e  Code  Gb  stm32f7xx_hal_eth.o [1]
HAL_ETH_DMATxDescListInit
                        0x08006667    0x7c  Code  Gb  stm32f7xx_hal_eth.o [1]
HAL_ETH_GetReceivedFrame_IT
                        0x08006897    0xaa  Code  Gb  stm32f7xx_hal_eth.o [1]
HAL_ETH_IRQHandler      0x08006941    0x8e  Code  Gb  stm32f7xx_hal_eth.o [1]
HAL_ETH_Init            0x080063f9   0x26e  Code  Gb  stm32f7xx_hal_eth.o [1]
HAL_ETH_MspInit         0x08004bc9    0xf8  Code  Gb  ethernetif.o [1]
HAL_ETH_ReadPHYRegister
                        0x080069cf    0x84  Code  Gb  stm32f7xx_hal_eth.o [1]
HAL_ETH_RxCpltCallback  0x08004cc1     0xe  Code  Gb  ethernetif.o [1]
HAL_ETH_Start           0x08006ad3    0x4a  Code  Gb  stm32f7xx_hal_eth.o [1]
HAL_ETH_TransmitFrame   0x08006761   0x136  Code  Gb  stm32f7xx_hal_eth.o [1]
HAL_ETH_WritePHYRegister
                        0x08006a53    0x80  Code  Gb  stm32f7xx_hal_eth.o [1]
HAL_GPIO_Init           0x08006075   0x1fa  Code  Gb  stm32f7xx_hal_gpio.o [1]
HAL_GetTick             0x08006eb5     0xc  Code  Wk  stm32f7xx_hal.o [1]
HAL_IncTick             0x0800b4dd    0x10  Code  Wk  stm32f7xx_hal.o [1]
HAL_Init                0x0800a29d    0x16  Code  Gb  stm32f7xx_hal.o [1]
HAL_InitTick            0x08009b81    0x7a  Code  Gb  stm32f7xx_hal_timebase_TIM.o [1]
HAL_MspInit             0x0800b4ed    0x5e  Code  Gb  stm32f7xx_hal_msp.o [1]
HAL_NVIC_EnableIRQ      0x080063a3     0xa  Code  Gb  stm32f7xx_hal_cortex.o [1]
HAL_NVIC_SetPriority    0x08006381    0x22  Code  Gb  stm32f7xx_hal_cortex.o [1]
HAL_NVIC_SetPriorityGrouping
                        0x08006379     0x8  Code  Gb  stm32f7xx_hal_cortex.o [1]
HAL_RCCEx_PeriphCLKConfig
                        0x0800a495   0x774  Code  Gb  stm32f7xx_hal_rcc_ex.o [1]
HAL_RCC_ClockConfig     0x08008b2d   0x1a2  Code  Gb  stm32f7xx_hal_rcc.o [1]
HAL_RCC_GetClockConfig  0x08008da1    0x3a  Code  Gb  stm32f7xx_hal_rcc.o [1]
HAL_RCC_GetHCLKFreq     0x08008d5b     0x6  Code  Gb  stm32f7xx_hal_rcc.o [1]
HAL_RCC_GetPCLK1Freq    0x08008d61    0x20  Code  Gb  stm32f7xx_hal_rcc.o [1]
HAL_RCC_GetPCLK2Freq    0x08008d81    0x20  Code  Gb  stm32f7xx_hal_rcc.o [1]
HAL_RCC_GetSysClockFreq
                        0x08008ccf    0x8c  Code  Gb  stm32f7xx_hal_rcc.o [1]
HAL_RCC_OscConfig       0x08008689   0x4a4  Code  Gb  stm32f7xx_hal_rcc.o [1]
HAL_SYSTICK_CLKSourceConfig
                        0x080063b5    0x20  Code  Gb  stm32f7xx_hal_cortex.o [1]
HAL_SYSTICK_Config      0x080063ad     0x8  Code  Gb  stm32f7xx_hal_cortex.o [1]
HAL_TIMEx_BreakCallback
                        0x0800a297     0x2  Code  Wk  stm32f7xx_hal_tim_ex.o [1]
HAL_TIMEx_CommutationCallback
                        0x0800a29b     0x2  Code  Wk  stm32f7xx_hal_tim_ex.o [1]
HAL_TIM_Base_Init       0x08009d29    0x38  Code  Gb  stm32f7xx_hal_tim.o [1]
HAL_TIM_Base_Start_IT   0x08009d61    0x1c  Code  Gb  stm32f7xx_hal_tim.o [1]
HAL_TIM_IRQHandler      0x08009d7d   0x194  Code  Gb  stm32f7xx_hal_tim.o [1]
HAL_TIM_PeriodElapsedCallback
                        0x0800a261    0x10  Code  Gb  main.o [1]
HAL_UART_Init           0x0800ac35    0x7e  Code  Gb  stm32f7xx_hal_uart.o [1]
HAL_UART_MspInit        0x0800b54b    0x46  Code  Gb  stm32f7xx_hal_msp.o [1]
HAL_UART_Transmit       0x0800acb3    0xcc  Code  Gb  stm32f7xx_hal_uart.o [1]
HardFault_Handler       0x0800e4ab     0x2  Code  Gb  stm32f7xx_it.o [1]
IP_ADDRESS              0x2000abc4     0x4  Data  Gb  lwip.o [1]
LoadInt                 0x0800babf    0x7a  Code  Lc  xprintffull.o [3]
MQTTPacket_encode       0x0800dfa1    0x2a  Code  Gb  MQTTPacket.o [1]
MQTTPacket_len          0x0800dfcb    0x24  Code  Gb  MQTTPacket.o [1]
MQTTSerialize_connect   0x0800d389   0x16c  Code  Gb  MQTTConnectClient.o [1]
MQTTSerialize_connectLength
                        0x0800d309    0x80  Code  Gb  MQTTConnectClient.o [1]
MQTTSerialize_publish   0x0800d529    0xb2  Code  Gb  MQTTSerializePublish.o [1]
MQTTSerialize_publishLength
                        0x0800d505    0x24  Code  Gb  MQTTSerializePublish.o [1]
MQTTstrlen              0x0800e091    0x16  Code  Gb  MQTTPacket.o [1]
MX_GPIO_Init            0x0800a1ed    0x66  Code  Lc  main.o [1]
MX_LWIP_Init            0x0800b331   0x130  Code  Gb  lwip.o [1]
MX_LWIP_Init::__FUNCTION__
                        0x0800e814    0x10  Data  Lc  lwip.o [1]
MX_USART1_UART_Init     0x0800a19d    0x50  Code  Lc  main.o [1]
MemManage_Handler       0x0800e4ad     0x2  Code  Gb  stm32f7xx_it.o [1]
NETMASK_ADDRESS         0x2000abc8     0x4  Data  Gb  lwip.o [1]
NMI_Handler             0x0800e4a9     0x2  Code  Gb  stm32f7xx_it.o [1]
NVIC_EnableIRQ          0x080062d7    0x14  Code  Lc  stm32f7xx_hal_cortex.o [1]
NVIC_EncodePriority     0x0800630d    0x3e  Code  Lc  stm32f7xx_hal_cortex.o [1]
NVIC_GetPriorityGrouping
                        0x080062cd     0xa  Code  Lc  stm32f7xx_hal_cortex.o [1]
NVIC_SetPriority        0x080062eb    0x22  Code  Lc  stm32f7xx_hal_cortex.o [1]
NVIC_SetPriorityGrouping
                        0x080062b1    0x1c  Code  Lc  stm32f7xx_hal_cortex.o [1]
PendSV_Handler          0x08009145          Code  Gb  portasm.o [1]
Region$$Table$$Base     0x0800e68c           --   Gb  - Linker created -
Region$$Table$$Limit    0x0800e6b0           --   Gb  - Linker created -
Rx_Buff                 0x20006694  0x17d0  Data  Gb  ethernetif.o [1]
SVC_Handler             0x080091a1          Code  Gb  portasm.o [1]
StartDefaultTask        0x0800a253     0xe  Code  Gb  main.o [1]
SysTick_Config          0x0800634b    0x2e  Code  Lc  stm32f7xx_hal_cortex.o [1]
SysTick_Handler         0x0800e4b5     0x8  Code  Gb  stm32f7xx_it.o [1]
SystemClock_Config      0x0800a0d3    0xca  Code  Gb  main.o [1]
SystemCoreClock         0x20000004     0x4  Data  Gb  system_stm32f7xx.o [1]
SystemInit              0x0800e2c5    0x4c  Code  Gb  system_stm32f7xx.o [1]
TIM1_UP_TIM10_IRQHandler
                        0x0800e4bd     0xa  Code  Gb  stm32f7xx_it.o [1]
TIM_Base_SetConfig      0x08009f11    0xec  Code  Gb  stm32f7xx_hal_tim.o [1]
Tx_Buff                 0x20007e64  0x17d0  Data  Gb  ethernetif.o [1]
UART_AdvFeatureConfig   0x0800b151    0xda  Code  Gb  stm32f7xx_hal_uart.o [1]
UART_CheckIdleState     0x0800b22b    0x4a  Code  Gb  stm32f7xx_hal_uart.o [1]
UART_SetConfig          0x0800aded   0x330  Code  Gb  stm32f7xx_hal_uart.o [1]
UART_WaitOnFlagUntilTimeout
                        0x0800ad7f    0x6e  Code  Gb  stm32f7xx_hal_uart.o [1]
UART_vPrintf            0x0800a2d3   0x1a4  Code  Lc  UART.o [1]
UART_vPrintfSerial      0x0800a485     0xe  Code  Gb  UART.o [1]
UART_vTransmit          0x0800a2b5    0x1e  Code  Lc  UART.o [1]
UsageFault_Handler      0x0800e4b1     0x2  Code  Gb  stm32f7xx_it.o [1]
_Encoding_8859_1_Mbrlen
                        0x08001fb5     0x2  Code  Gb  xencoding_8859_1.o [3]
_Encoding_8859_1_Wctomb
                        0x08001fa3    0x12  Code  Gb  xencoding_8859_1.o [3]
_GenldFull              0x0800c537   0x256  Code  Lc  xprintffull.o [3]
_LdtobFull              0x0800c10f   0x3fe  Code  Lc  xprintffull.o [3]
_LitobFull              0x0800bfbf   0x10a  Code  Lc  xprintffull.o [3]
_Locale_lconv           0x2000000c    0x38  Data  Lc  xlocale_c.o [3]
_PrintfFull             0x0800b8f1   0x1b6  Code  Gb  xprintffull.o [3]
_PutcharsFull           0x0800c78d    0x2e  Code  Lc  xprintffull.o [3]
_PutfldFull             0x0800bb39   0x2d0  Code  Lc  xprintffull.o [3]
_PutstrFull             0x0800beff    0xc0  Code  Lc  xprintffull.o [3]
_PuttxtFull             0x0800be09    0xf6  Code  Lc  xprintffull.o [3]
_SProut                 0x08003de7     0xa  Code  Gb  xsprout.o [3]
__aeabi_cdcmple         0x0800da11          Code  Gb  DblCmpLe.o [4]
__aeabi_cdrcmple        0x0800da41          Code  Gb  DblCmpGe.o [4]
__aeabi_d2iz            0x0800dbad          Code  Gb  DblToS32.o [4]
__aeabi_d2uiz           0x0800df39          Code  Gb  DblToU32.o [4]
__aeabi_ddiv            0x0800dcf1          Code  Gb  DblDiv.o [4]
__aeabi_dmul            0x0800d80d          Code  Gb  DblMul.o [4]
__aeabi_dsub            0x0800dc0d          Code  Gb  DblSub.o [4]
__aeabi_i2d             0x0800dbe9          Code  Gb  S32ToDbl.o [4]
__aeabi_ldiv0           0x0800e0b5          Code  Gb  I64DivZer.o [5]
__aeabi_memclr4         0x08005459          Code  Gb  ABImemclr4.o [5]
__aeabi_memcpy          0x08004749          Code  Gb  ABImemcpy.o [5]
__aeabi_memcpy4         0x08004769          Code  Gb  ABImemcpy.o [5]
__aeabi_memcpy8         0x08004769          Code  Gb  ABImemcpy.o [5]
__aeabi_memset          0x08004b61          Code  Gb  ABImemset.o [5]
__aeabi_ui2d            0x0800df61          Code  Gb  U32ToDbl.o [4]
__aeabi_uldivmod        0x0800d71d          Code  Gb  I64DivMod.o [5]
__cmain                 0x0800e769          Code  Gb  cmain.o [5]
__exit                  0x0800e221    0x14  Code  Gb  exit.o [6]
__iar_Fail_s            0x0800d675    0x1e  Code  Gb  xfail_s.o [3]
__iar_Mbcurmax          0x0800d711     0xa  Code  Gb  xmbcurmax.o [3]
__iar_Memchr            0x0800d6b9          Code  Gb  memchr.o [5]
__iar_Memset            0x08004b61          Code  Gb  ABImemset.o [5]
__iar_Memset4_word      0x080084d5          Code  Gb  ABImemset48.o [5]
__iar_Memset8_word      0x080084d5          Code  Gb  ABImemset48.o [5]
__iar_Memset_word       0x08004b69          Code  Gb  ABImemset.o [5]
__iar_Strchr            0x0800d65d          Code  Gb  strchr.o [5]
__iar_copy_init3        0x0800e531    0x2c  Code  Gb  copy_init3.o [5]
__iar_dadd              0x0800dc1d          Code  Gb  DblSub.o [4]
__iar_data_init3        0x0800e5d5    0x28  Code  Gb  data_init.o [5]
__iar_dsub              0x0800e0b9          Code  Gb  DblAdd.o [4]
__iar_dsubStart         0x0800e0cb          Code  Gb  DblAdd.o [4]
__iar_frexp             0x0800d9ad          Code  Gb  frexp.o [4]
__iar_frexpl            0x0800d9ad          Code  Gb  frexp.o [4]
__iar_globLocale        0x20000044    0x48  Data  Lc  xlocale_c.o [3]
__iar_global_Locale     0x0800d5e1     0x4  Code  Gb  xlocale_c.o [3]
__iar_init_vfp          0x0800e669          Code  Gb  fpinit_M.o [4]
__iar_ldexp64           0x0800da71          Code  Gb  ldexp.o [4]
__iar_program_start     0x0800e935          Code  Gb  cstartup_M.o [5]
__iar_scalbln64         0x0800da71          Code  Gb  ldexp.o [4]
__iar_scalbn64          0x0800da71          Code  Gb  ldexp.o [4]
__iar_softfp___iar_frexp64
                        0x0800d9a1          Code  Gb  frexp.o [4]
__iar_softfp_frexp      0x0800d9a1          Code  Gb  frexp.o [4]
__iar_softfp_frexpl     0x0800d9a1          Code  Gb  frexp.o [4]
__iar_systems$$module {Abs}
                        0x00000001          Data  Gb  command line/config [2]
__iar_zero_init3        0x0800e389    0x40  Code  Gb  zero_init3.o [5]
__low_level_init        0x0800e783     0x4  Code  Gb  low_level_init.o [3]
__vector_table          0x08000000          Data  Gb  startup_stm32f746xx.o [1]
_call_main              0x0800e775          Code  Gb  cmain.o [5]
_exit                   0x0800e78d          Code  Gb  cexit.o [5]
_gLocale_mblen          0x0800d645     0x4  Code  Gb  xlocale_c.o [3]
_gLocale_mblenInt       0x0800d609    0x2c  Code  Gb  xlocale_c.o [3]
_gLocale_wctomb         0x0800d649     0x4  Code  Gb  xlocale_c.o [3]
_gLocale_wctombInt      0x0800d641     0x4  Code  Gb  xlocale_c.o [3]
_main                   0x0800e77f          Code  Gb  cmain.o [5]
abort                   0x0800e0ad     0x6  Code  Gb  abort.o [3]
ackno                   0x2000ac8c     0x4  Data  Lc  tcp_in.o [1]
arp_table               0x2000a2f8    0xf0  Data  Lc  etharp.o [1]
conn                    0x2000abd0     0x4  Data  Gb  lwip.o [1]
cyclic_timer            0x08003e47    0x14  Code  Lc  timeouts.o [1]
defaultTaskHandle       0x2000abd4     0x4  Data  Gb  main.o [1]
do_memp_free_pool       0x08003007    0x1a  Code  Lc  memp.o [1]
do_memp_malloc_pool     0x08002fc7    0x26  Code  Lc  memp.o [1]
err_tcp                 0x0800ca17    0xfa  Code  Lc  api_msg.o [1]
etharp_cached_entry     0x2000acca     0x1  Data  Lc  etharp.o [1]
etharp_cleanup_netif    0x080095ef    0x44  Code  Gb  etharp.o [1]
etharp_find_entry       0x0800934d   0x1ba  Code  Lc  etharp.o [1]
etharp_free_entry       0x080091f1    0x44  Code  Lc  etharp.o [1]
etharp_input            0x08009633    0xfc  Code  Gb  etharp.o [1]
etharp_output           0x0800980d   0x118  Code  Gb  etharp.o [1]
etharp_output_to_arp_index
                        0x0800972f    0xde  Code  Lc  etharp.o [1]
etharp_query            0x08009925   0x178  Code  Gb  etharp.o [1]
etharp_raw              0x08009a9d    0xa8  Code  Lc  etharp.o [1]
etharp_request          0x08009b67     0xa  Code  Gb  etharp.o [1]
etharp_request_dst      0x08009b45    0x22  Code  Lc  etharp.o [1]
etharp_tmr              0x08009235   0x118  Code  Gb  etharp.o [1]
etharp_update_arp_entry
                        0x08009507    0xe8  Code  Lc  etharp.o [1]
ethbroadcast            0x0800e940     0x8  Data  Gb  ethernet.o [1]
ethernet_input          0x08009c0d    0xc2  Code  Gb  ethernet.o [1]
ethernet_output         0x08009cd5    0x54  Code  Gb  ethernet.o [1]
ethernetif_init         0x08005023    0x1e  Code  Gb  ethernetif.o [1]
ethernetif_input        0x08004feb    0x38  Code  Gb  ethernetif.o [1]
ethzero                 0x0800e948     0x8  Data  Gb  ethernet.o [1]
exit                    0x0800e787     0x4  Code  Gb  exit.o [3]
flags                   0x2000acd1     0x1  Data  Lc  tcp_in.o [1]
gnetif                  0x2000aaa8    0x30  Data  Gb  lwip.o [1]
gw                      0x2000abc0     0x4  Data  Gb  lwip.o [1]
heth                    0x2000a9ac    0x48  Data  Gb  ethernetif.o [1]
htim1                   0x2000aa34    0x40  Data  Gb  stm32f7xx_hal_timebase_TIM.o [1]
huart1                  0x2000a93c    0x70  Data  Gb  main.o [1]
icmp_dest_unreach       0x08005fe5     0xe  Code  Gb  icmp.o [1]
icmp_input              0x08005e59   0x182  Code  Gb  icmp.o [1]
icmp_send_response      0x08006001    0x74  Code  Lc  icmp.o [1]
icmp_time_exceeded      0x08005ff3     0xe  Code  Gb  icmp.o [1]
inHandlerMode           0x0800509d    0x12  Code  Lc  cmsis_os.o [1]
inseg                   0x2000ab88    0x10  Data  Lc  tcp_in.o [1]
ip4_addr_isbroadcast_u32
                        0x08001fc1    0x4c  Code  Gb  ip4_addr.o [1]
ip4_frag                0x08005915   0x1ce  Code  Gb  ip4_frag.o [1]
ip4_input               0x0800486b   0x1fa  Code  Gb  ip4.o [1]
ip4_output_if           0x08004a65    0x32  Code  Gb  ip4.o [1]
ip4_output_if_src       0x08004a97    0xb4  Code  Gb  ip4.o [1]
ip4_reass               0x0800574b   0x19c  Code  Gb  ip4_frag.o [1]
ip4_route               0x080047f1    0x7a  Code  Gb  ip4.o [1]
ip4addr_ntoa            0x0800200d     0xc  Code  Gb  ip4_addr.o [1]
ip4addr_ntoa::str       0x2000ab78    0x10  Data  Lc  ip4_addr.o [1]
ip4addr_ntoa_r          0x08002021    0x8c  Code  Gb  ip4_addr.o [1]
ip_addr_any             0x0800e9a0     0x4  Data  Gb  ip4_addr.o [1]
ip_data                 0x2000aafc    0x18  Data  Gb  ip.o [1]
ip_frag_alloc_pbuf_custom_ref
                        0x080058e7     0xa  Code  Lc  ip4_frag.o [1]
ip_frag_free_pbuf_custom_ref
                        0x080058f1     0xc  Code  Lc  ip4_frag.o [1]
ip_id                   0x2000acbc     0x2  Data  Lc  ip4.o [1]
ip_reass_chain_frag_into_datagram_and_validate
                        0x0800562d   0x11e  Code  Lc  ip4_frag.o [1]
ip_reass_dequeue_datagram
                        0x08005609    0x24  Code  Lc  ip4_frag.o [1]
ip_reass_enqueue_new_datagram
                        0x080055ad    0x5c  Code  Lc  ip4_frag.o [1]
ip_reass_free_complete_datagram
                        0x080054af    0x7c  Code  Lc  ip4_frag.o [1]
ip_reass_pbufcount      0x2000acbe     0x2  Data  Lc  ip4_frag.o [1]
ip_reass_remove_oldest_datagram
                        0x0800552b    0x82  Code  Lc  ip4_frag.o [1]
ip_reass_tmr            0x08005481    0x2e  Code  Gb  ip4_frag.o [1]
ipaddr                  0x2000abb8     0x4  Data  Gb  lwip.o [1]
ipfrag_free_pbuf_custom
                        0x080058fd    0x18  Code  Lc  ip4_frag.o [1]
ldexp                   0x0800da71          Code  Gb  ldexp.o [4]
ldexpl                  0x0800da71          Code  Gb  ldexp.o [4]
lfree                   0x2000abe0     0x4  Data  Lc  mem.o [1]
localeconv              0x0800d64d     0x4  Code  Gb  xlocale_c.o [3]
lock_tcpip_core         0x2000aca4     0x4  Data  Gb  tcpip.o [1]
low_level_init          0x08004ccf   0x13c  Code  Lc  ethernetif.o [1]
low_level_input         0x08004eeb   0x100  Code  Lc  ethernetif.o [1]
low_level_output        0x08004e0b    0xe0  Code  Lc  ethernetif.o [1]
lwip_cyclic_timers      0x0800e7b0    0x18  Data  Gb  timeouts.o [1]
lwip_htonl              0x080020bd    0x1c  Code  Gb  def.o [1]
lwip_htons              0x080020ad    0x10  Code  Gb  def.o [1]
lwip_init               0x0800545f    0x20  Code  Gb  init.o [1]
lwip_netconn_do_bind    0x0800ce81    0x78  Code  Gb  api_msg.o [1]
lwip_netconn_do_close_internal
                        0x0800cc81   0x200  Code  Lc  api_msg.o [1]
lwip_netconn_do_connect
                        0x0800cf89    0xfe  Code  Gb  api_msg.o [1]
lwip_netconn_do_connected
                        0x0800cef9    0x90  Code  Lc  api_msg.o [1]
lwip_netconn_do_newconn
                        0x0800cbbd    0x38  Code  Gb  api_msg.o [1]
lwip_netconn_do_write   0x0800d25b    0xa0  Code  Gb  api_msg.o [1]
lwip_netconn_do_writemore
                        0x0800d099   0x1c2  Code  Lc  api_msg.o [1]
lwip_sys_mutex          0x2000ac2c     0x4  Data  Gb  sys_arch.o [1]
main                    0x0800a09d    0x36  Code  Gb  main.o [1]
makeFreeRtosPriority    0x08005089    0x14  Code  Lc  cmsis_os.o [1]
mbox                    0x2000aca0     0x4  Data  Lc  tcpip.o [1]
mem_free                0x080044d7    0x48  Code  Gb  mem.o [1]
mem_init                0x0800447f    0x58  Code  Gb  mem.o [1]
mem_malloc              0x0800463d    0xf6  Code  Gb  mem.o [1]
mem_mutex               0x2000abe4     0x4  Data  Lc  mem.o [1]
mem_trim                0x0800451f   0x11e  Code  Gb  mem.o [1]
memchr                  0x0800d6b9          Code  Gb  memchr.o [5]
memcmp                  0x0800a02d          Code  Gb  memcmp.o [5]
memp_FRAG_PBUF          0x0800e8d4     0xc  Data  Gb  memp.o [1]
memp_NETBUF             0x0800e8e0     0xc  Data  Gb  memp.o [1]
memp_NETCONN            0x0800e8ec     0xc  Data  Gb  memp.o [1]
memp_PBUF               0x0800e91c     0xc  Data  Gb  memp.o [1]
memp_PBUF_POOL          0x0800e928     0xc  Data  Gb  memp.o [1]
memp_REASSDATA          0x0800e8c8     0xc  Data  Gb  memp.o [1]
memp_SYS_TIMEOUT        0x0800e910     0xc  Data  Gb  memp.o [1]
memp_TCPIP_MSG_API      0x0800e8f8     0xc  Data  Gb  memp.o [1]
memp_TCPIP_MSG_INPKT    0x0800e904     0xc  Data  Gb  memp.o [1]
memp_TCP_PCB            0x0800e8a4     0xc  Data  Gb  memp.o [1]
memp_TCP_PCB_LISTEN     0x0800e8b0     0xc  Data  Gb  memp.o [1]
memp_TCP_SEG            0x0800e8bc     0xc  Data  Gb  memp.o [1]
memp_UDP_PCB            0x0800e898     0xc  Data  Gb  memp.o [1]
memp_free               0x08003021    0x1a  Code  Gb  memp.o [1]
memp_init               0x08002fab    0x1c  Code  Gb  memp.o [1]
memp_init_pool          0x08002f81    0x2a  Code  Gb  memp.o [1]
memp_malloc             0x08002fed    0x1a  Code  Gb  memp.o [1]
memp_memory_FRAG_PBUF_base
                        0x20009f84   0x16c  Data  Gb  memp.o [1]
memp_memory_NETBUF_base
                        0x2000aad8    0x24  Data  Gb  memp.o [1]
memp_memory_NETCONN_base
                        0x2000a4cc    0xb4  Data  Gb  memp.o [1]
memp_memory_PBUF_POOL_base
                        0x20004090  0x2604  Data  Gb  memp.o [1]
memp_memory_PBUF_base   0x2000a1f4   0x104  Data  Gb  memp.o [1]
memp_memory_REASSDATA_base
                        0x2000a580    0xa4  Data  Gb  memp.o [1]
memp_memory_SYS_TIMEOUT_base
                        0x2000aa74    0x34  Data  Gb  memp.o [1]
memp_memory_TCPIP_MSG_API_base
                        0x2000a734    0x84  Data  Gb  memp.o [1]
memp_memory_TCPIP_MSG_INPKT_base
                        0x2000a7b8    0x84  Data  Gb  memp.o [1]
memp_memory_TCP_PCB_LISTEN_base
                        0x2000a3e8    0xe4  Data  Gb  memp.o [1]
memp_memory_TCP_PCB_base
                        0x20009c88   0x2fc  Data  Gb  memp.o [1]
memp_memory_TCP_SEG_base
                        0x2000a0f0   0x104  Data  Gb  memp.o [1]
memp_memory_UDP_PCB_base
                        0x2000a6b0    0x84  Data  Gb  memp.o [1]
memp_pools              0x0800e474    0x34  Data  Gb  memp.o [1]
memp_tab_FRAG_PBUF      0x2000abfc     0x4  Data  Lc  memp.o [1]
memp_tab_NETBUF         0x2000ac00     0x4  Data  Lc  memp.o [1]
memp_tab_NETCONN        0x2000ac04     0x4  Data  Lc  memp.o [1]
memp_tab_PBUF           0x2000ac14     0x4  Data  Lc  memp.o [1]
memp_tab_PBUF_POOL      0x2000ac18     0x4  Data  Lc  memp.o [1]
memp_tab_REASSDATA      0x2000abf8     0x4  Data  Lc  memp.o [1]
memp_tab_SYS_TIMEOUT    0x2000ac10     0x4  Data  Lc  memp.o [1]
memp_tab_TCPIP_MSG_API  0x2000ac08     0x4  Data  Lc  memp.o [1]
memp_tab_TCPIP_MSG_INPKT
                        0x2000ac0c     0x4  Data  Lc  memp.o [1]
memp_tab_TCP_PCB        0x2000abec     0x4  Data  Lc  memp.o [1]
memp_tab_TCP_PCB_LISTEN
                        0x2000abf0     0x4  Data  Lc  memp.o [1]
memp_tab_TCP_SEG        0x2000abf4     0x4  Data  Lc  memp.o [1]
memp_tab_UDP_PCB        0x2000abe8     0x4  Data  Lc  memp.o [1]
netbuf_delete           0x0800df7b    0x26  Code  Gb  netbuf.o [1]
netconn_alloc           0x0800cbf5    0x8c  Code  Gb  api_msg.o [1]
netconn_apimsg          0x0800b615    0x20  Code  Lc  api_lib.o [1]
netconn_bind            0x0800b699    0x2e  Code  Gb  api_lib.o [1]
netconn_connect         0x0800b6c7    0x2e  Code  Gb  api_lib.o [1]
netconn_new_with_proto_and_callback
                        0x0800b635    0x64  Code  Gb  api_lib.o [1]
netconn_write_partly    0x0800b6f5    0x84  Code  Gb  api_lib.o [1]
netif_add               0x0800850b    0x58  Code  Gb  netif.o [1]
netif_default           0x2000ac20     0x4  Data  Gb  netif.o [1]
netif_init              0x08008509     0x2  Code  Gb  netif.o [1]
netif_issue_reports     0x08008647    0x1c  Code  Lc  netif.o [1]
netif_list              0x2000ac1c     0x4  Data  Gb  netif.o [1]
netif_num               0x2000accb     0x1  Data  Lc  netif.o [1]
netif_set_addr          0x08008563    0x48  Code  Gb  netif.o [1]
netif_set_default       0x0800860b     0x6  Code  Gb  netif.o [1]
netif_set_down          0x08008663    0x24  Code  Gb  netif.o [1]
netif_set_gw            0x080085ef     0xe  Code  Gb  netif.o [1]
netif_set_ipaddr        0x080085ab    0x44  Code  Gb  netif.o [1]
netif_set_netmask       0x080085fd     0xe  Code  Gb  netif.o [1]
netif_set_up            0x08008621    0x26  Code  Gb  netif.o [1]
netmask                 0x2000abbc     0x4  Data  Gb  lwip.o [1]
next_timeout            0x2000aca8     0x4  Data  Lc  timeouts.o [1]
osDelay                 0x080050fd    0x16  Code  Gb  cmsis_os.o [1]
osKernelStart           0x080050af     0xa  Code  Gb  cmsis_os.o [1]
osKernelSysTick         0x080050b9    0x16  Code  Gb  cmsis_os.o [1]
osMessageCreate         0x080052f5     0xe  Code  Gb  cmsis_os.o [1]
osMessageDelete         0x0800543d    0x1a  Code  Gb  cmsis_os.o [1]
osMessageGet            0x08005363    0xa8  Code  Gb  cmsis_os.o [1]
osMessagePut            0x08005303    0x60  Code  Gb  cmsis_os.o [1]
osMessageWaiting        0x08005421    0x1c  Code  Gb  cmsis_os.o [1]
osMutexCreate           0x08005113     0xa  Code  Gb  cmsis_os.o [1]
osMutexRelease          0x08005195    0x52  Code  Gb  cmsis_os.o [1]
osMutexWait             0x0800511d    0x78  Code  Gb  cmsis_os.o [1]
osSemaphoreCreate       0x080051e7    0x2a  Code  Gb  cmsis_os.o [1]
osSemaphoreDelete       0x080052db    0x1a  Code  Gb  cmsis_os.o [1]
osSemaphoreRelease      0x08005289    0x52  Code  Gb  cmsis_os.o [1]
osSemaphoreWait         0x08005211    0x78  Code  Gb  cmsis_os.o [1]
osSystickHandler        0x0800540b    0x10  Code  Gb  cmsis_os.o [1]
osThreadCreate          0x080050cf    0x2e  Code  Gb  cmsis_os.o [1]
os_mutex_def_lwip_sys_mutex
                        0x0800e9bc     0x4  Data  Gb  sys_arch.o [1]
pbuf_alloc              0x08001a65   0x16a  Code  Gb  pbuf.o [1]
pbuf_alloced_custom     0x08001bcf    0x78  Code  Gb  pbuf.o [1]
pbuf_cat                0x08001e19    0x28  Code  Gb  pbuf.o [1]
pbuf_clen               0x08001def    0x12  Code  Gb  pbuf.o [1]
pbuf_copy               0x08001e41    0xcc  Code  Gb  pbuf.o [1]
pbuf_copy_partial       0x08001f0d    0x96  Code  Gb  pbuf.o [1]
pbuf_free               0x08001d79    0x76  Code  Gb  pbuf.o [1]
pbuf_free_ooseq         0x080019e9    0x30  Code  Lc  pbuf.o [1]
pbuf_free_ooseq_callback
                        0x08001a19     0x8  Code  Lc  pbuf.o [1]
pbuf_free_ooseq_pending
                        0x2000accc     0x1  Data  Gb  pbuf.o [1]
pbuf_header             0x08001d61     0xc  Code  Gb  pbuf.o [1]
pbuf_header_force       0x08001d6d     0xc  Code  Gb  pbuf.o [1]
pbuf_header_impl        0x08001cb3    0xae  Code  Lc  pbuf.o [1]
pbuf_pool_is_empty      0x08001a21    0x38  Code  Lc  pbuf.o [1]
pbuf_realloc            0x08001c47    0x6c  Code  Gb  pbuf.o [1]
pbuf_ref                0x08001e01    0x18  Code  Gb  pbuf.o [1]
pcInterruptPriorityRegisters
                        0x0800e9b0     0x4  Data  Lc  port.o [1]
pcb_new                 0x0800cb49    0x74  Code  Lc  api_msg.o [1]
plug_holes              0x08004405    0x7a  Code  Lc  mem.o [1]
poll_tcp                0x0800c93d    0x78  Code  Lc  api_msg.o [1]
prvAddCurrentTaskToDelayedList
                        0x080078b9    0x7c  Code  Lc  tasks.o [1]
prvAddNewTaskToReadyList
                        0x08006ff3    0xc2  Code  Lc  tasks.o [1]
prvCheckTasksWaitingTermination
                        0x08007647    0x64  Code  Lc  tasks.o [1]
prvCopyDataFromQueue    0x08008197    0x2a  Code  Lc  queue.o [1]
prvCopyDataToQueue      0x08008111    0x86  Code  Lc  queue.o [1]
prvDeleteTCB            0x080076ab    0x12  Code  Lc  tasks.o [1]
prvHeapInit             0x08008fcd    0x66  Code  Lc  heap_4.o [1]
prvIdleTask             0x080075bd    0x24  Code  Lc  tasks.o [1]
prvInitialiseMutex      0x08007a83    0x1e  Code  Lc  queue.o [1]
prvInitialiseNewQueue   0x08007a61    0x22  Code  Lc  queue.o [1]
prvInitialiseNewTask    0x08006f31    0xc2  Code  Lc  tasks.o [1]
prvInitialiseTaskLists  0x080075ed    0x5a  Code  Lc  tasks.o [1]
prvInsertBlockIntoFreeList
                        0x08009033    0x5c  Code  Lc  heap_4.o [1]
prvIsQueueEmpty         0x0800822f    0x1c  Code  Lc  queue.o [1]
prvIsQueueFull          0x0800824b    0x1e  Code  Lc  queue.o [1]
prvResetNextTaskUnblockTime
                        0x080076bd    0x28  Code  Lc  tasks.o [1]
prvTaskExitError        0x080082c5    0x32  Code  Lc  port.o [1]
prvUnlockQueue          0x080081c1    0x6e  Code  Lc  queue.o [1]
pvPortMalloc            0x08008e35   0x11a  Code  Gb  heap_4.o [1]
pvTaskIncrementMutexHeldCount
                        0x0800786f    0x1e  Code  Gb  tasks.o [1]
pxCurrentTCB            0x2000ac30     0x4  Data  Gb  tasks.o [1]
pxDelayedTaskList       0x2000ac34     0x4  Data  Lc  tasks.o [1]
pxEnd                   0x2000aba4     0x4  Data  Lc  heap_4.o [1]
pxOverflowDelayedTaskList
                        0x2000ac38     0x4  Data  Lc  tasks.o [1]
pxPortInitialiseStack   0x0800829d    0x28  Code  Gb  port.o [1]
pxReadyTasksLists       0x2000a624    0x8c  Data  Lc  tasks.o [1]
ram                     0x2000abd8     0x4  Data  Lc  mem.o [1]
ram_end                 0x2000abdc     0x4  Data  Lc  mem.o [1]
ram_heap                0x20009634   0x654  Data  Gb  mem.o [1]
reassdatagrams          0x2000abb4     0x4  Data  Lc  ip4_frag.o [1]
recv_acked              0x2000acc6     0x2  Data  Lc  tcp_in.o [1]
recv_data               0x2000ac90     0x4  Data  Lc  tcp_in.o [1]
recv_flags              0x2000acd2     0x1  Data  Lc  tcp_in.o [1]
recv_tcp                0x0800c8b5    0x88  Code  Lc  api_msg.o [1]
recv_udp                0x0800c841    0x74  Code  Lc  api_msg.o [1]
s_xSemaphore            0x2000aba0     0x4  Data  Gb  ethernetif.o [1]
scalbln                 0x0800da71          Code  Gb  ldexp.o [4]
scalblnl                0x0800da71          Code  Gb  ldexp.o [4]
scalbn                  0x0800da71          Code  Gb  ldexp.o [4]
scalbnl                 0x0800da71          Code  Gb  ldexp.o [4]
scale                   0x0800c0c9    0x46  Code  Lc  xprintffull.o [3]
sec_hand                0x2000acb8     0x4  Data  Lc  xfail_s.o [3]
sent_tcp                0x0800c9b5    0x62  Code  Lc  api_msg.o [1]
seqno                   0x2000ac88     0x4  Data  Lc  tcp_in.o [1]
setup_tcp               0x0800cb11    0x38  Code  Lc  api_msg.o [1]
sprintf                 0x0800b5d5    0x40  Code  Gb  sprintf.o [3]
strchr                  0x0800d65d          Code  Gb  strchr.o [5]
strlen                  0x0800b59d          Code  Gb  strlen.o [5]
sys_arch_mbox_fetch     0x080040ab    0x50  Code  Gb  sys_arch.o [1]
sys_arch_protect        0x08004225    0x12  Code  Gb  sys_arch.o [1]
sys_arch_sem_wait       0x08004143    0x44  Code  Gb  sys_arch.o [1]
sys_arch_unprotect      0x08004237     0xc  Code  Gb  sys_arch.o [1]
sys_check_timeouts      0x08003f43    0x64  Code  Lc  timeouts.o [1]
sys_init                0x080041a9     0xe  Code  Gb  sys_arch.o [1]
sys_mbox_free           0x08004067    0x12  Code  Gb  sys_arch.o [1]
sys_mbox_new            0x0800403d    0x2a  Code  Gb  sys_arch.o [1]
sys_mbox_post           0x08004079    0x18  Code  Gb  sys_arch.o [1]
sys_mbox_set_invalid    0x08004109     0x6  Code  Gb  sys_arch.o [1]
sys_mbox_trypost        0x08004091    0x1a  Code  Gb  sys_arch.o [1]
sys_mbox_valid          0x080040fb     0xe  Code  Gb  sys_arch.o [1]
sys_mutex_lock          0x080041db     0xe  Code  Gb  sys_arch.o [1]
sys_mutex_new           0x080041b7    0x24  Code  Gb  sys_arch.o [1]
sys_mutex_unlock        0x080041e9     0xa  Code  Gb  sys_arch.o [1]
sys_now                 0x08005081     0x8  Code  Gb  ethernetif.o [1]
sys_sem_free            0x08004191     0xa  Code  Gb  sys_arch.o [1]
sys_sem_new             0x0800410f    0x34  Code  Gb  sys_arch.o [1]
sys_sem_signal          0x08004187     0xa  Code  Gb  sys_arch.o [1]
sys_sem_valid           0x0800419b     0xe  Code  Gb  sys_arch.o [1]
sys_thread_new          0x080041f3    0x32  Code  Gb  sys_arch.o [1]
sys_timeout             0x08003e83    0xc0  Code  Gb  timeouts.o [1]
sys_timeouts_init       0x08003e5b    0x28  Code  Gb  timeouts.o [1]
sys_timeouts_mbox_fetch
                        0x08003fdb    0x3a  Code  Gb  timeouts.o [1]
sys_timeouts_sleeptime  0x08003fa7    0x34  Code  Lc  timeouts.o [1]
tcp_abandon             0x08002361    0xe2  Code  Gb  tcp.o [1]
tcp_abort               0x08002443     0xa  Code  Gb  tcp.o [1]
tcp_accept              0x08002dc5     0xe  Code  Gb  tcp.o [1]
tcp_active_pcbs         0x2000ac78     0x4  Data  Gb  tcp.o [1]
tcp_active_pcbs_changed
                        0x2000acce     0x1  Data  Gb  tcp.o [1]
tcp_alloc               0x08002cd9    0xbe  Code  Gb  tcp.o [1]
tcp_arg                 0x08002da1     0x8  Code  Gb  tcp.o [1]
tcp_backoff             0x0800e834    0x10  Data  Lc  tcp.o [1]
tcp_bind                0x0800244d    0xb8  Code  Gb  tcp.o [1]
tcp_bound_pcbs          0x2000ac70     0x4  Data  Gb  tcp.o [1]
tcp_close               0x080022e5    0x18  Code  Gb  tcp.o [1]
tcp_close_shutdown      0x08002133   0x1b2  Code  Lc  tcp.o [1]
tcp_connect             0x0800260d   0x134  Code  Gb  tcp.o [1]
tcp_create_segment      0x080030ff    0xc0  Code  Lc  tcp_out.o [1]
tcp_eff_send_mss_impl   0x08002ea5    0x34  Code  Gb  tcp.o [1]
tcp_enqueue_flags       0x080036e3    0xee  Code  Gb  tcp_out.o [1]
tcp_err                 0x08002dbb     0xa  Code  Gb  tcp.o [1]
tcp_fasttmr             0x08002a75    0x70  Code  Gb  tcp.o [1]
tcp_getoptbyte          0x080018cb    0x48  Code  Lc  tcp_in.o [1]
tcp_init                0x080020d9     0x2  Code  Gb  tcp.o [1]
tcp_input               0x080001c9   0x516  Code  Gb  tcp_in.o [1]
tcp_input_pcb           0x2000ac94     0x4  Data  Gb  tcp_in.o [1]
tcp_keepalive           0x08003cb3    0x58  Code  Gb  tcp_out.o [1]
tcp_kill_prio           0x08002bfb    0x50  Code  Lc  tcp.o [1]
tcp_kill_state          0x08002c55    0x42  Code  Lc  tcp.o [1]
tcp_kill_timewait       0x08002ca1    0x32  Code  Lc  tcp.o [1]
tcp_listen_closed       0x08002113    0x20  Code  Lc  tcp.o [1]
tcp_listen_input        0x080006df   0x134  Code  Lc  tcp_in.o [1]
tcp_listen_pcbs         0x2000ac74     0x4  Data  Gb  tcp.o [1]
tcp_netif_ip_addr_changed
                        0x08002efb    0x4a  Code  Gb  tcp.o [1]
tcp_netif_ip_addr_changed_pcblist
                        0x08002ed9    0x22  Code  Lc  tcp.o [1]
tcp_new                 0x08002d97     0xa  Code  Gb  tcp.o [1]
tcp_new_port            0x080025a1    0x6c  Code  Lc  tcp.o [1]
tcp_next_iss            0x08002e8b    0x14  Code  Gb  tcp.o [1]
tcp_next_iss::iss       0x20000008     0x4  Data  Lc  tcp.o [1]
tcp_oos_insert_segment  0x08000e09    0x88  Code  Lc  tcp_in.o [1]
tcp_optidx              0x2000acc4     0x2  Data  Lc  tcp_in.o [1]
tcp_output              0x08003851   0x220  Code  Gb  tcp_out.o [1]
tcp_output_alloc_header
                        0x08003041    0x74  Code  Lc  tcp_out.o [1]
tcp_output_segment      0x08003a71    0xb8  Code  Lc  tcp_out.o [1]
tcp_parseopt            0x08001913    0x90  Code  Lc  tcp_in.o [1]
tcp_pbuf_prealloc       0x080031bf    0x7a  Code  Lc  tcp_out.o [1]
tcp_pcb_lists           0x0800e844    0x10  Data  Gb  tcp.o [1]
tcp_pcb_purge           0x08002ddb    0x52  Code  Gb  tcp.o [1]
tcp_pcb_remove          0x08002e2d    0x5e  Code  Gb  tcp.o [1]
tcp_persist_backoff     0x0800e988     0x8  Data  Lc  tcp.o [1]
tcp_poll                0x08002dd3     0x8  Code  Gb  tcp.o [1]
tcp_port                0x2000008c     0x2  Data  Lc  tcp.o [1]
tcp_process             0x080008ab   0x54a  Code  Lc  tcp_in.o [1]
tcp_process_refused_data
                        0x08002af1    0x8c  Code  Gb  tcp.o [1]
tcp_receive             0x08000ed1   0x9fa  Code  Lc  tcp_in.o [1]
tcp_recv                0x08002da9     0xa  Code  Gb  tcp.o [1]
tcp_recv_null           0x08002bd5    0x26  Code  Gb  tcp.o [1]
tcp_recved              0x0800254f    0x52  Code  Gb  tcp.o [1]
tcp_remove_listener     0x080020ff    0x14  Code  Lc  tcp.o [1]
tcp_rexmit              0x08003be5    0x5a  Code  Gb  tcp_out.o [1]
tcp_rexmit_fast         0x08003c3f    0x74  Code  Gb  tcp_out.o [1]
tcp_rexmit_rto          0x08003bb1    0x34  Code  Gb  tcp_out.o [1]
tcp_rst                 0x08003b31    0x80  Code  Gb  tcp_out.o [1]
tcp_seg_copy            0x08002bad    0x28  Code  Gb  tcp.o [1]
tcp_seg_free            0x08002b8f    0x1e  Code  Gb  tcp.o [1]
tcp_segs_free           0x08002b7d    0x12  Code  Gb  tcp.o [1]
tcp_send_empty_ack      0x080037d1    0x80  Code  Gb  tcp_out.o [1]
tcp_send_fin            0x080030b5    0x4a  Code  Gb  tcp_out.o [1]
tcp_sent                0x08002db3     0x8  Code  Gb  tcp.o [1]
tcp_shutdown            0x080022fd    0x64  Code  Gb  tcp.o [1]
tcp_slowtmr             0x08002741   0x334  Code  Gb  tcp.o [1]
tcp_thread              0x0800b275    0xbc  Code  Lc  lwip.o [1]
tcp_ticks               0x2000ac6c     0x4  Data  Gb  tcp.o [1]
tcp_timer               0x2000accf     0x1  Data  Lc  tcp.o [1]
tcp_timer_ctr           0x2000acd0     0x1  Data  Lc  tcp.o [1]
tcp_timer_needed        0x08003e1b    0x2c  Code  Gb  timeouts.o [1]
tcp_timewait_input      0x08000813    0x98  Code  Lc  tcp_in.o [1]
tcp_tmr                 0x080020db    0x24  Code  Gb  tcp.o [1]
tcp_trigger_input_pcb_close
                        0x080019a3     0xe  Code  Gb  tcp_in.o [1]
tcp_tw_pcbs             0x2000ac7c     0x4  Data  Gb  tcp.o [1]
tcp_update_rcv_ann_wnd  0x08002505    0x4a  Code  Gb  tcp.o [1]
tcp_write               0x080032a7   0x43c  Code  Gb  tcp_out.o [1]
tcp_write_checks        0x08003239    0x6e  Code  Lc  tcp_out.o [1]
tcp_zero_window_probe   0x08003d0b    0xdc  Code  Gb  tcp_out.o [1]
tcphdr                  0x2000ac80     0x4  Data  Lc  tcp_in.o [1]
tcphdr_opt1len          0x2000acc2     0x2  Data  Lc  tcp_in.o [1]
tcphdr_opt2             0x2000ac84     0x4  Data  Lc  tcp_in.o [1]
tcphdr_optlen           0x2000acc0     0x2  Data  Lc  tcp_in.o [1]
tcpip_callback_with_block
                        0x0800433f    0x54  Code  Gb  tcpip.o [1]
tcpip_init              0x080043ad    0x38  Code  Gb  tcpip.o [1]
tcpip_init_done         0x2000ac98     0x4  Data  Lc  tcpip.o [1]
tcpip_init_done_arg     0x2000ac9c     0x4  Data  Lc  tcpip.o [1]
tcpip_inpkt             0x080042db    0x48  Code  Gb  tcpip.o [1]
tcpip_input             0x08004323    0x1c  Code  Gb  tcpip.o [1]
tcpip_send_msg_wait_sem
                        0x08004393    0x1a  Code  Gb  tcpip.o [1]
tcpip_tcp_timer         0x08003df1    0x2a  Code  Lc  timeouts.o [1]
tcpip_tcp_timer_active  0x2000acb0     0x4  Data  Lc  timeouts.o [1]
tcpip_thread            0x08004259    0x82  Code  Lc  tcpip.o [1]
tcplen                  0x2000acc8     0x2  Data  Lc  tcp_in.o [1]
timeouts_last_time      0x2000acac     0x4  Data  Lc  timeouts.o [1]
ucHeap                  0x20000490  0x3c00  Data  Lc  heap_4.o [1]
ucMQTTClient_Connect    0x0800b78d    0x6a  Code  Gb  MQTTClient.o [1]
ucMQTTClient_Publish    0x0800b7f7    0xc8  Code  Gb  MQTTClient.o [1]
ucMaxSysCallPriority    0x2000accd     0x1  Data  Lc  port.o [1]
udp_bind                0x08005cf1    0x90  Code  Gb  udp.o [1]
udp_connect             0x08005d81    0x68  Code  Gb  udp.o [1]
udp_init                0x08005af1     0x2  Code  Gb  udp.o [1]
udp_input               0x08005b9b   0x156  Code  Gb  udp.o [1]
udp_input_local_match   0x08005b49    0x52  Code  Lc  udp.o [1]
udp_netif_ip_addr_changed
                        0x08005e0f    0x32  Code  Gb  udp.o [1]
udp_new                 0x08005def    0x20  Code  Gb  udp.o [1]
udp_new_port            0x08005af3    0x56  Code  Lc  udp.o [1]
udp_pcbs                0x2000acb4     0x4  Data  Gb  udp.o [1]
udp_port                0x2000008e     0x2  Data  Lc  udp.o [1]
udp_recv                0x08005de9     0x6  Code  Gb  udp.o [1]
ulMaxPRIGROUPValue      0x2000ac24     0x4  Data  Lc  port.o [1]
uwTick                  0x2000ac28     0x4  Data  Gb  stm32f7xx_hal.o [1]
uxCriticalNesting       0x20000000     0x4  Data  Lc  port.o [1]
uxCurrentNumberOfTasks  0x2000ac40     0x4  Data  Lc  tasks.o [1]
uxDeletedTasksWaitingCleanUp
                        0x2000ac3c     0x4  Data  Lc  tasks.o [1]
uxListRemove            0x0800911f    0x26  Code  Gb  list.o [1]
uxPendedTicks           0x2000ac50     0x4  Data  Lc  tasks.o [1]
uxQueueMessagesWaiting  0x080080a1    0x2a  Code  Gb  queue.o [1]
uxQueueMessagesWaitingFromISR
                        0x080080cb    0x1c  Code  Gb  queue.o [1]
uxSchedulerSuspended    0x2000ac68     0x4  Data  Lc  tasks.o [1]
uxTaskNumber            0x2000ac5c     0x4  Data  Lc  tasks.o [1]
uxTopReadyPriority      0x2000ac48     0x4  Data  Lc  tasks.o [1]
vListInitialise         0x080090ad    0x1e  Code  Gb  list.o [1]
vListInitialiseItem     0x080090cb     0x6  Code  Gb  list.o [1]
vListInsert             0x080090e9    0x36  Code  Gb  list.o [1]
vListInsertEnd          0x080090d1    0x18  Code  Gb  list.o [1]
vPortEnableVFP          0x080091d5          Code  Gb  portasm.o [1]
vPortEnterCritical      0x0800838f    0x42  Code  Gb  port.o [1]
vPortExitCritical       0x080083d1    0x36  Code  Gb  port.o [1]
vPortFree               0x08008f4f    0x7e  Code  Gb  heap_4.o [1]
vPortStartFirstTask     0x080091bd          Code  Gb  portasm.o [1]
vPortValidateInterruptPriority
                        0x08008435    0x52  Code  Gb  port.o [1]
vQueueDelete            0x080080e7    0x2a  Code  Gb  queue.o [1]
vQueueUnregisterQueue   0x08008269    0x2a  Code  Gb  queue.o [1]
vTaskDelay              0x080070b5    0x50  Code  Gb  tasks.o [1]
vTaskMissedYield        0x080075b3     0xa  Code  Gb  tasks.o [1]
vTaskPlaceOnEventList   0x08007429    0x32  Code  Gb  tasks.o [1]
vTaskPriorityInherit    0x08007705    0xac  Code  Gb  tasks.o [1]
vTaskSetTimeOutState    0x080074f9    0x2a  Code  Gb  tasks.o [1]
vTaskStartScheduler     0x08007105    0x6e  Code  Gb  tasks.o [1]
vTaskSuspendAll         0x08007173    0x10  Code  Gb  tasks.o [1]
vTaskSwitchContext      0x080073b7    0x72  Code  Gb  tasks.o [1]
writeCString            0x0800e025    0x2a  Code  Gb  MQTTPacket.o [1]
writeChar               0x0800dfef     0xc  Code  Gb  MQTTPacket.o [1]
writeInt                0x0800dffb    0x2a  Code  Gb  MQTTPacket.o [1]
writeMQTTString         0x0800e04f    0x42  Code  Gb  MQTTPacket.o [1]
xBlockAllocatedBit      0x2000abb0     0x4  Data  Lc  heap_4.o [1]
xDelayedTaskList1       0x2000ab14    0x14  Data  Lc  tasks.o [1]
xDelayedTaskList2       0x2000ab28    0x14  Data  Lc  tasks.o [1]
xFreeBytesRemaining     0x2000aba8     0x4  Data  Lc  heap_4.o [1]
xHeapStructSize         0x0800e99c     0x4  Data  Lc  heap_4.o [1]
xIdleTaskHandle         0x2000ac64     0x4  Data  Lc  tasks.o [1]
xMinimumEverFreeBytesRemaining
                        0x2000abac     0x4  Data  Lc  heap_4.o [1]
xNextTaskUnblockTime    0x2000ac60     0x4  Data  Lc  tasks.o [1]
xNumOfOverflows         0x2000ac58     0x4  Data  Lc  tasks.o [1]
xPendingReadyList       0x2000ab3c    0x14  Data  Lc  tasks.o [1]
xPortStartScheduler     0x080082f7    0x98  Code  Gb  port.o [1]
xPortSysTickHandler     0x08008407    0x2c  Code  Gb  port.o [1]
xQueueCreateMutex       0x08007aa1    0x1a  Code  Gb  queue.o [1]
xQueueGenericCreate     0x08007a13    0x4e  Code  Gb  queue.o [1]
xQueueGenericReceive    0x08007e0d   0x1dc  Code  Gb  queue.o [1]
xQueueGenericReset      0x08007979    0x9a  Code  Gb  queue.o [1]
xQueueGenericSend       0x08007abb   0x1a6  Code  Gb  queue.o [1]
xQueueGenericSendFromISR
                        0x08007c61    0xe8  Code  Gb  queue.o [1]
xQueueGiveFromISR       0x08007d49    0xc4  Code  Gb  queue.o [1]
xQueueReceiveFromISR    0x08007fe9    0xb8  Code  Gb  queue.o [1]
xQueueRegistry          0x2000a9f4    0x40  Data  Gb  queue.o [1]
xSchedulerRunning       0x2000ac4c     0x4  Data  Lc  tasks.o [1]
xStart                  0x2000ab98     0x8  Data  Lc  heap_4.o [1]
xSuspendedTaskList      0x2000ab64    0x14  Data  Lc  tasks.o [1]
xTaskCheckForTimeOut    0x08007529    0x8a  Code  Gb  tasks.o [1]
xTaskCreate             0x08006ec1    0x70  Code  Gb  tasks.o [1]
xTaskGetSchedulerState  0x080076e5    0x20  Code  Gb  tasks.o [1]
xTaskGetTickCount       0x08007283     0x8  Code  Gb  tasks.o [1]
xTaskGetTickCountFromISR
                        0x0800728b    0x10  Code  Gb  tasks.o [1]
xTaskIncrementTick      0x0800729b   0x11c  Code  Gb  tasks.o [1]
xTaskPriorityDisinherit
                        0x080077b1    0xbe  Code  Gb  tasks.o [1]
xTaskRemoveFromEventList
                        0x0800746d    0x82  Code  Gb  tasks.o [1]
xTaskResumeAll          0x08007183   0x100  Code  Gb  tasks.o [1]
xTasksWaitingTermination
                        0x2000ab50    0x14  Data  Lc  tasks.o [1]
xTickCount              0x2000ac44     0x4  Data  Lc  tasks.o [1]
xYieldPending           0x2000ac54     0x4  Data  Lc  tasks.o [1]


[1] = C:\Users\ThaoHuyen\Desktop\EtherTest\EWARM\EtherTest\Obj
[2] = command line
[3] = dl7M_tlf.a
[4] = m7M_tls.a
[5] = rt7M_tl.a
[6] = shb_l.a

  58 700 bytes of readonly  code memory
   1 520 bytes of readonly  data memory
  44 243 bytes of readwrite data memory

Errors: none
Warnings: none
